  Determining projects to restore...
  All projects are up-to-date for restore.
C:\Users\bharath.chappa\Desktop\First-Response\demo-first-response-online\leatest upgradedproject\FirstResponseMAUI\Controls\RoundedBoxView.cs(10,49): warning CS0108: 'RoundedBoxView.CornerRadiusProperty' hides inherited member 'BoxView.CornerRadiusProperty'. Use the new keyword if hiding was intended. [C:\Users\bharath.chappa\Desktop\First-Response\demo-first-response-online\leatest upgradedproject\FirstResponseMAUI\FirstResponseMAUI.csproj]
C:\Users\bharath.chappa\Desktop\First-Response\demo-first-response-online\leatest upgradedproject\FirstResponseMAUI\Controls\RoundedBoxView.cs(14,23): warning CS0108: 'RoundedBoxView.CornerRadius' hides inherited member 'BoxView.CornerRadius'. Use the new keyword if hiding was intended. [C:\Users\bharath.chappa\Desktop\First-Response\demo-first-response-online\leatest upgradedproject\FirstResponseMAUI\FirstResponseMAUI.csproj]
C:\Users\bharath.chappa\Desktop\First-Response\demo-first-response-online\leatest upgradedproject\FirstResponseMAUI\Views\Templates\IncidentListItemTemplate.xaml.cs(13,43): warning CS8622: Nullability of reference types in type of parameter 'sender' of 'void IncidentListItemTemplate.OnBindingContextChanged(object sender, EventArgs e)' doesn't match the target delegate 'EventHandler' (possibly because of nullability attributes). [C:\Users\bharath.chappa\Desktop\First-Response\demo-first-response-online\leatest upgradedproject\FirstResponseMAUI\FirstResponseMAUI.csproj]
C:\Users\bharath.chappa\Desktop\First-Response\demo-first-response-online\leatest upgradedproject\FirstResponseMAUI\Animations\Base\AnimationBase.cs(82,42): warning CS0168: The variable 'tcex' is declared but never used [C:\Users\bharath.chappa\Desktop\First-Response\demo-first-response-online\leatest upgradedproject\FirstResponseMAUI\FirstResponseMAUI.csproj]
C:\Users\bharath.chappa\Desktop\First-Response\demo-first-response-online\leatest upgradedproject\FirstResponseMAUI\ViewModels\SuspectViewModel.cs(42,16): warning CS8618: Non-nullable field '_name' must contain a non-null value when exiting constructor. Consider adding the 'required' modifier or declaring the field as nullable. [C:\Users\bharath.chappa\Desktop\First-Response\demo-first-response-online\leatest upgradedproject\FirstResponseMAUI\FirstResponseMAUI.csproj]
C:\Users\bharath.chappa\Desktop\First-Response\demo-first-response-online\leatest upgradedproject\FirstResponseMAUI\Behaviors\ItemTappedCommandListView.cs(23,40): warning CS8622: Nullability of reference types in type of parameter 'sender' of 'void ItemTappedCommandListView.ListViewOnItemTapped(object sender, ItemTappedEventArgs e)' doesn't match the target delegate 'EventHandler<ItemTappedEventArgs>' (possibly because of nullability attributes). [C:\Users\bharath.chappa\Desktop\First-Response\demo-first-response-online\leatest upgradedproject\FirstResponseMAUI\FirstResponseMAUI.csproj]
C:\Users\bharath.chappa\Desktop\First-Response\demo-first-response-online\leatest upgradedproject\FirstResponseMAUI\Behaviors\ItemTappedCommandListView.cs(24,40): warning CS8622: Nullability of reference types in type of parameter 'sender' of 'void ItemTappedCommandListView.ListViewOnItemTapped(object sender, ItemTappedEventArgs e)' doesn't match the target delegate 'EventHandler<ItemTappedEventArgs>' (possibly because of nullability attributes). [C:\Users\bharath.chappa\Desktop\First-Response\demo-first-response-online\leatest upgradedproject\FirstResponseMAUI\FirstResponseMAUI.csproj]
C:\Users\bharath.chappa\Desktop\First-Response\demo-first-response-online\leatest upgradedproject\FirstResponseMAUI\ViewModels\SuspectViewModel.cs(168,13): warning CS0618: 'MessagingCenter' is obsolete: 'We recommend migrating to `CommunityToolkit.Mvvm.Messaging.WeakReferenceMessenger`: https://www.nuget.org/packages/CommunityToolkit.Mvvm' [C:\Users\bharath.chappa\Desktop\First-Response\demo-first-response-online\leatest upgradedproject\FirstResponseMAUI\FirstResponseMAUI.csproj]
C:\Users\bharath.chappa\Desktop\First-Response\demo-first-response-online\leatest upgradedproject\FirstResponseMAUI\ViewModels\ResponderListViewModel.cs(23,16): warning CS8618: Non-nullable field '_fullResponderList' must contain a non-null value when exiting constructor. Consider adding the 'required' modifier or declaring the field as nullable. [C:\Users\bharath.chappa\Desktop\First-Response\demo-first-response-online\leatest upgradedproject\FirstResponseMAUI\FirstResponseMAUI.csproj]
C:\Users\bharath.chappa\Desktop\First-Response\demo-first-response-online\leatest upgradedproject\FirstResponseMAUI\ViewModels\ResponderListViewModel.cs(23,16): warning CS8618: Non-nullable field '_responderList' must contain a non-null value when exiting constructor. Consider adding the 'required' modifier or declaring the field as nullable. [C:\Users\bharath.chappa\Desktop\First-Response\demo-first-response-online\leatest upgradedproject\FirstResponseMAUI\FirstResponseMAUI.csproj]
C:\Users\bharath.chappa\Desktop\First-Response\demo-first-response-online\leatest upgradedproject\FirstResponseMAUI\ViewModels\ResponderListViewModel.cs(23,16): warning CS8618: Non-nullable field '_routeList' must contain a non-null value when exiting constructor. Consider adding the 'required' modifier or declaring the field as nullable. [C:\Users\bharath.chappa\Desktop\First-Response\demo-first-response-online\leatest upgradedproject\FirstResponseMAUI\FirstResponseMAUI.csproj]
C:\Users\bharath.chappa\Desktop\First-Response\demo-first-response-online\leatest upgradedproject\FirstResponseMAUI\Converters\UserRoleToBoolConverter.cs(14,17): warning CS8602: Dereference of a possibly null reference. [C:\Users\bharath.chappa\Desktop\First-Response\demo-first-response-online\leatest upgradedproject\FirstResponseMAUI\FirstResponseMAUI.csproj]
C:\Users\bharath.chappa\Desktop\First-Response\demo-first-response-online\leatest upgradedproject\FirstResponseMAUI\Converters\SuspectDescriptionConverter.cs(15,27): warning CS8602: Dereference of a possibly null reference. [C:\Users\bharath.chappa\Desktop\First-Response\demo-first-response-online\leatest upgradedproject\FirstResponseMAUI\FirstResponseMAUI.csproj]
C:\Users\bharath.chappa\Desktop\First-Response\demo-first-response-online\leatest upgradedproject\FirstResponseMAUI\ViewModels\NewTicketViewModel.cs(55,16): warning CS8618: Non-nullable field '_ticket' must contain a non-null value when exiting constructor. Consider adding the 'required' modifier or declaring the field as nullable. [C:\Users\bharath.chappa\Desktop\First-Response\demo-first-response-online\leatest upgradedproject\FirstResponseMAUI\FirstResponseMAUI.csproj]
C:\Users\bharath.chappa\Desktop\First-Response\demo-first-response-online\leatest upgradedproject\FirstResponseMAUI\ViewModels\NewTicketViewModel.cs(55,16): warning CS8618: Non-nullable field '_location' must contain a non-null value when exiting constructor. Consider adding the 'required' modifier or declaring the field as nullable. [C:\Users\bharath.chappa\Desktop\First-Response\demo-first-response-online\leatest upgradedproject\FirstResponseMAUI\FirstResponseMAUI.csproj]
C:\Users\bharath.chappa\Desktop\First-Response\demo-first-response-online\leatest upgradedproject\FirstResponseMAUI\ViewModels\NewTicketViewModel.cs(55,16): warning CS8618: Non-nullable property 'TrafficViolationTypes' must contain a non-null value when exiting constructor. Consider adding the 'required' modifier or declaring the property as nullable. [C:\Users\bharath.chappa\Desktop\First-Response\demo-first-response-online\leatest upgradedproject\FirstResponseMAUI\FirstResponseMAUI.csproj]
C:\Users\bharath.chappa\Desktop\First-Response\demo-first-response-online\leatest upgradedproject\FirstResponseMAUI\Converters\StringToUpperConverter.cs(15,59): warning CS8604: Possible null reference argument for parameter 'value' in 'string? Enum.GetName(Type enumType, object value)'. [C:\Users\bharath.chappa\Desktop\First-Response\demo-first-response-online\leatest upgradedproject\FirstResponseMAUI\FirstResponseMAUI.csproj]
C:\Users\bharath.chappa\Desktop\First-Response\demo-first-response-online\leatest upgradedproject\FirstResponseMAUI\Converters\StringToUpperConverter.cs(22,20): warning CS8602: Dereference of a possibly null reference. [C:\Users\bharath.chappa\Desktop\First-Response\demo-first-response-online\leatest upgradedproject\FirstResponseMAUI\FirstResponseMAUI.csproj]
C:\Users\bharath.chappa\Desktop\First-Response\demo-first-response-online\leatest upgradedproject\FirstResponseMAUI\Controls\WrapView.cs(137,63): warning CS8622: Nullability of reference types in type of parameter 'sender' of 'void WrapView.OnCollectionChanged(object sender, NotifyCollectionChangedEventArgs args)' doesn't match the target delegate 'NotifyCollectionChangedEventHandler' (possibly because of nullability attributes). [C:\Users\bharath.chappa\Desktop\First-Response\demo-first-response-online\leatest upgradedproject\FirstResponseMAUI\FirstResponseMAUI.csproj]
C:\Users\bharath.chappa\Desktop\First-Response\demo-first-response-online\leatest upgradedproject\FirstResponseMAUI\Controls\WrapView.cs(144,63): warning CS8622: Nullability of reference types in type of parameter 'sender' of 'void WrapView.OnCollectionChanged(object sender, NotifyCollectionChangedEventArgs args)' doesn't match the target delegate 'NotifyCollectionChangedEventHandler' (possibly because of nullability attributes). [C:\Users\bharath.chappa\Desktop\First-Response\demo-first-response-online\leatest upgradedproject\FirstResponseMAUI\FirstResponseMAUI.csproj]
C:\Users\bharath.chappa\Desktop\First-Response\demo-first-response-online\leatest upgradedproject\FirstResponseMAUI\Controls\WrapView.cs(160,30): warning CS8604: Possible null reference argument for parameter 'items' in 'void WrapView.AddItems(IEnumerable items)'. [C:\Users\bharath.chappa\Desktop\First-Response\demo-first-response-online\leatest upgradedproject\FirstResponseMAUI\FirstResponseMAUI.csproj]
C:\Users\bharath.chappa\Desktop\First-Response\demo-first-response-online\leatest upgradedproject\FirstResponseMAUI\Controls\WrapView.cs(164,33): warning CS8604: Possible null reference argument for parameter 'items' in 'void WrapView.RemoveItems(IEnumerable items)'. [C:\Users\bharath.chappa\Desktop\First-Response\demo-first-response-online\leatest upgradedproject\FirstResponseMAUI\FirstResponseMAUI.csproj]
C:\Users\bharath.chappa\Desktop\First-Response\demo-first-response-online\leatest upgradedproject\FirstResponseMAUI\ViewModels\NewTicketViewModel.cs(74,42): warning CS8600: Converting null literal or possible null value to non-nullable type. [C:\Users\bharath.chappa\Desktop\First-Response\demo-first-response-online\leatest upgradedproject\FirstResponseMAUI\FirstResponseMAUI.csproj]
C:\Users\bharath.chappa\Desktop\First-Response\demo-first-response-online\leatest upgradedproject\FirstResponseMAUI\ViewModels\NewTicketViewModel.cs(75,28): warning CS8602: Dereference of a possibly null reference. [C:\Users\bharath.chappa\Desktop\First-Response\demo-first-response-online\leatest upgradedproject\FirstResponseMAUI\FirstResponseMAUI.csproj]
C:\Users\bharath.chappa\Desktop\First-Response\demo-first-response-online\leatest upgradedproject\FirstResponseMAUI\ViewModels\NewTicketViewModel.cs(80,28): warning CS8601: Possible null reference assignment. [C:\Users\bharath.chappa\Desktop\First-Response\demo-first-response-online\leatest upgradedproject\FirstResponseMAUI\FirstResponseMAUI.csproj]
C:\Users\bharath.chappa\Desktop\First-Response\demo-first-response-online\leatest upgradedproject\FirstResponseMAUI\Converters\StringToBoolConverter.cs(13,34): warning CS8600: Converting null literal or possible null value to non-nullable type. [C:\Users\bharath.chappa\Desktop\First-Response\demo-first-response-online\leatest upgradedproject\FirstResponseMAUI\FirstResponseMAUI.csproj]
C:\Users\bharath.chappa\Desktop\First-Response\demo-first-response-online\leatest upgradedproject\FirstResponseMAUI\Converters\StringToBoolConverter.cs(19,37): warning CS8600: Converting null literal or possible null value to non-nullable type. [C:\Users\bharath.chappa\Desktop\First-Response\demo-first-response-online\leatest upgradedproject\FirstResponseMAUI\FirstResponseMAUI.csproj]
C:\Users\bharath.chappa\Desktop\First-Response\demo-first-response-online\leatest upgradedproject\FirstResponseMAUI\ViewModels\MainViewModel.cs(45,13): warning CS0618: 'MessagingCenter' is obsolete: 'We recommend migrating to `CommunityToolkit.Mvvm.Messaging.WeakReferenceMessenger`: https://www.nuget.org/packages/CommunityToolkit.Mvvm' [C:\Users\bharath.chappa\Desktop\First-Response\demo-first-response-online\leatest upgradedproject\FirstResponseMAUI\FirstResponseMAUI.csproj]
C:\Users\bharath.chappa\Desktop\First-Response\demo-first-response-online\leatest upgradedproject\FirstResponseMAUI\ViewModels\MainViewModel.cs(31,16): warning CS8618: Non-nullable field '_selectedUser' must contain a non-null value when exiting constructor. Consider adding the 'required' modifier or declaring the field as nullable. [C:\Users\bharath.chappa\Desktop\First-Response\demo-first-response-online\leatest upgradedproject\FirstResponseMAUI\FirstResponseMAUI.csproj]
C:\Users\bharath.chappa\Desktop\First-Response\demo-first-response-online\leatest upgradedproject\FirstResponseMAUI\ViewModels\MainViewModel.cs(31,16): warning CS8618: Non-nullable field '_heatData' must contain a non-null value when exiting constructor. Consider adding the 'required' modifier or declaring the field as nullable. [C:\Users\bharath.chappa\Desktop\First-Response\demo-first-response-online\leatest upgradedproject\FirstResponseMAUI\FirstResponseMAUI.csproj]
C:\Users\bharath.chappa\Desktop\First-Response\demo-first-response-online\leatest upgradedproject\FirstResponseMAUI\Controls\WrapView.cs(201,24): warning CS8603: Possible null reference return. [C:\Users\bharath.chappa\Desktop\First-Response\demo-first-response-online\leatest upgradedproject\FirstResponseMAUI\FirstResponseMAUI.csproj]
C:\Users\bharath.chappa\Desktop\First-Response\demo-first-response-online\leatest upgradedproject\FirstResponseMAUI\Controls\WrapView.cs(212,13): warning CS8602: Dereference of a possibly null reference. [C:\Users\bharath.chappa\Desktop\First-Response\demo-first-response-online\leatest upgradedproject\FirstResponseMAUI\FirstResponseMAUI.csproj]
C:\Users\bharath.chappa\Desktop\First-Response\demo-first-response-online\leatest upgradedproject\FirstResponseMAUI\Data\Base\RequestProvider.cs(18,17): warning SYSLIB0020: 'JsonSerializerOptions.IgnoreNullValues' is obsolete: 'JsonSerializerOptions.IgnoreNullValues is obsolete. To ignore null values when serializing, set DefaultIgnoreCondition to JsonIgnoreCondition.WhenWritingNull.' (https://aka.ms/dotnet-warnings/SYSLIB0020) [C:\Users\bharath.chappa\Desktop\First-Response\demo-first-response-online\leatest upgradedproject\FirstResponseMAUI\FirstResponseMAUI.csproj]
C:\Users\bharath.chappa\Desktop\First-Response\demo-first-response-online\leatest upgradedproject\FirstResponseMAUI\Data\Base\RequestProvider.cs(30,30): warning CS8600: Converting null literal or possible null value to non-nullable type. [C:\Users\bharath.chappa\Desktop\First-Response\demo-first-response-online\leatest upgradedproject\FirstResponseMAUI\FirstResponseMAUI.csproj]
C:\Users\bharath.chappa\Desktop\First-Response\demo-first-response-online\leatest upgradedproject\FirstResponseMAUI\Data\Base\RequestProvider.cs(32,20): warning CS8603: Possible null reference return. [C:\Users\bharath.chappa\Desktop\First-Response\demo-first-response-online\leatest upgradedproject\FirstResponseMAUI\FirstResponseMAUI.csproj]
C:\Users\bharath.chappa\Desktop\First-Response\demo-first-response-online\leatest upgradedproject\FirstResponseMAUI\ViewModels\MainViewModel.cs(161,58): warning CS8625: Cannot convert null literal to non-nullable reference type. [C:\Users\bharath.chappa\Desktop\First-Response\demo-first-response-online\leatest upgradedproject\FirstResponseMAUI\FirstResponseMAUI.csproj]
C:\Users\bharath.chappa\Desktop\First-Response\demo-first-response-online\leatest upgradedproject\FirstResponseMAUI\ViewModels\MainViewModel.cs(162,59): warning CS8625: Cannot convert null literal to non-nullable reference type. [C:\Users\bharath.chappa\Desktop\First-Response\demo-first-response-online\leatest upgradedproject\FirstResponseMAUI\FirstResponseMAUI.csproj]
C:\Users\bharath.chappa\Desktop\First-Response\demo-first-response-online\leatest upgradedproject\FirstResponseMAUI\ViewModels\MainViewModel.cs(166,32): warning CS8601: Possible null reference assignment. [C:\Users\bharath.chappa\Desktop\First-Response\demo-first-response-online\leatest upgradedproject\FirstResponseMAUI\FirstResponseMAUI.csproj]
C:\Users\bharath.chappa\Desktop\First-Response\demo-first-response-online\leatest upgradedproject\FirstResponseMAUI\Controls\BindablePicker.cs(30,36): warning CS8625: Cannot convert null literal to non-nullable reference type. [C:\Users\bharath.chappa\Desktop\First-Response\demo-first-response-online\leatest upgradedproject\FirstResponseMAUI\FirstResponseMAUI.csproj]
C:\Users\bharath.chappa\Desktop\First-Response\demo-first-response-online\leatest upgradedproject\FirstResponseMAUI\Controls\BindablePicker.cs(24,16): warning CS8618: Non-nullable event 'ItemSelected' must contain a non-null value when exiting constructor. Consider adding the 'required' modifier or declaring the event as nullable. [C:\Users\bharath.chappa\Desktop\First-Response\demo-first-response-online\leatest upgradedproject\FirstResponseMAUI\FirstResponseMAUI.csproj]
C:\Users\bharath.chappa\Desktop\First-Response\demo-first-response-online\leatest upgradedproject\FirstResponseMAUI\ViewModels\LoginViewModel.cs(38,16): warning CS8618: Non-nullable field '_city' must contain a non-null value when exiting constructor. Consider adding the 'required' modifier or declaring the field as nullable. [C:\Users\bharath.chappa\Desktop\First-Response\demo-first-response-online\leatest upgradedproject\FirstResponseMAUI\FirstResponseMAUI.csproj]
C:\Users\bharath.chappa\Desktop\First-Response\demo-first-response-online\leatest upgradedproject\FirstResponseMAUI\ViewModels\LoginViewModel.cs(38,16): warning CS8618: Non-nullable property 'UserName' must contain a non-null value when exiting constructor. Consider adding the 'required' modifier or declaring the property as nullable. [C:\Users\bharath.chappa\Desktop\First-Response\demo-first-response-online\leatest upgradedproject\FirstResponseMAUI\FirstResponseMAUI.csproj]
C:\Users\bharath.chappa\Desktop\First-Response\demo-first-response-online\leatest upgradedproject\FirstResponseMAUI\ViewModels\LoginViewModel.cs(38,16): warning CS8618: Non-nullable property 'Password' must contain a non-null value when exiting constructor. Consider adding the 'required' modifier or declaring the property as nullable. [C:\Users\bharath.chappa\Desktop\First-Response\demo-first-response-online\leatest upgradedproject\FirstResponseMAUI\FirstResponseMAUI.csproj]
C:\Users\bharath.chappa\Desktop\First-Response\demo-first-response-online\leatest upgradedproject\FirstResponseMAUI\Controls\BindablePicker.cs(76,38): warning CS8600: Converting null literal or possible null value to non-nullable type. [C:\Users\bharath.chappa\Desktop\First-Response\demo-first-response-online\leatest upgradedproject\FirstResponseMAUI\FirstResponseMAUI.csproj]
C:\Users\bharath.chappa\Desktop\First-Response\demo-first-response-online\leatest upgradedproject\FirstResponseMAUI\Controls\BindablePicker.cs(80,28): warning CS8602: Dereference of a possibly null reference. [C:\Users\bharath.chappa\Desktop\First-Response\demo-first-response-online\leatest upgradedproject\FirstResponseMAUI\FirstResponseMAUI.csproj]
C:\Users\bharath.chappa\Desktop\First-Response\demo-first-response-online\leatest upgradedproject\FirstResponseMAUI\ViewModels\LoginViewModel.cs(48,24): warning CS8601: Possible null reference assignment. [C:\Users\bharath.chappa\Desktop\First-Response\demo-first-response-online\leatest upgradedproject\FirstResponseMAUI\FirstResponseMAUI.csproj]
C:\Users\bharath.chappa\Desktop\First-Response\demo-first-response-online\leatest upgradedproject\FirstResponseMAUI\ViewModels\IncidentListViewModel.cs(19,16): warning CS8618: Non-nullable field '_selectedIncident' must contain a non-null value when exiting constructor. Consider adding the 'required' modifier or declaring the field as nullable. [C:\Users\bharath.chappa\Desktop\First-Response\demo-first-response-online\leatest upgradedproject\FirstResponseMAUI\FirstResponseMAUI.csproj]
C:\Users\bharath.chappa\Desktop\First-Response\demo-first-response-online\leatest upgradedproject\FirstResponseMAUI\ViewModels\IncidentListViewModel.cs(19,16): warning CS8618: Non-nullable field '_incidentList' must contain a non-null value when exiting constructor. Consider adding the 'required' modifier or declaring the field as nullable. [C:\Users\bharath.chappa\Desktop\First-Response\demo-first-response-online\leatest upgradedproject\FirstResponseMAUI\FirstResponseMAUI.csproj]
C:\Users\bharath.chappa\Desktop\First-Response\demo-first-response-online\leatest upgradedproject\FirstResponseMAUI\ViewModels\IncidentListViewModel.cs(27,13): warning CS0618: 'MessagingCenter' is obsolete: 'We recommend migrating to `CommunityToolkit.Mvvm.Messaging.WeakReferenceMessenger`: https://www.nuget.org/packages/CommunityToolkit.Mvvm' [C:\Users\bharath.chappa\Desktop\First-Response\demo-first-response-online\leatest upgradedproject\FirstResponseMAUI\FirstResponseMAUI.csproj]
C:\Users\bharath.chappa\Desktop\First-Response\demo-first-response-online\leatest upgradedproject\FirstResponseMAUI\Controls\ToggleButton.cs(41,16): warning CS8618: Non-nullable field 'ToggleCommand' must contain a non-null value when exiting constructor. Consider adding the 'required' modifier or declaring the field as nullable. [C:\Users\bharath.chappa\Desktop\First-Response\demo-first-response-online\leatest upgradedproject\FirstResponseMAUI\FirstResponseMAUI.csproj]
C:\Users\bharath.chappa\Desktop\First-Response\demo-first-response-online\leatest upgradedproject\FirstResponseMAUI\Controls\ToggleButton.cs(41,16): warning CS8618: Non-nullable field 'ToggleImage' must contain a non-null value when exiting constructor. Consider adding the 'required' modifier or declaring the field as nullable. [C:\Users\bharath.chappa\Desktop\First-Response\demo-first-response-online\leatest upgradedproject\FirstResponseMAUI\FirstResponseMAUI.csproj]
C:\Users\bharath.chappa\Desktop\First-Response\demo-first-response-online\leatest upgradedproject\FirstResponseMAUI\Controls\ToggleButton.cs(41,16): warning CS8618: Non-nullable field 'ToggleLabel' must contain a non-null value when exiting constructor. Consider adding the 'required' modifier or declaring the field as nullable. [C:\Users\bharath.chappa\Desktop\First-Response\demo-first-response-online\leatest upgradedproject\FirstResponseMAUI\FirstResponseMAUI.csproj]
C:\Users\bharath.chappa\Desktop\First-Response\demo-first-response-online\leatest upgradedproject\FirstResponseMAUI\ViewModels\IncidentListViewModel.cs(71,13): warning CS0618: 'MessagingCenter' is obsolete: 'We recommend migrating to `CommunityToolkit.Mvvm.Messaging.WeakReferenceMessenger`: https://www.nuget.org/packages/CommunityToolkit.Mvvm' [C:\Users\bharath.chappa\Desktop\First-Response\demo-first-response-online\leatest upgradedproject\FirstResponseMAUI\FirstResponseMAUI.csproj]
C:\Users\bharath.chappa\Desktop\First-Response\demo-first-response-online\leatest upgradedproject\FirstResponseMAUI\ViewModels\IncidentListViewModel.cs(76,32): warning CS8625: Cannot convert null literal to non-nullable reference type. [C:\Users\bharath.chappa\Desktop\First-Response\demo-first-response-online\leatest upgradedproject\FirstResponseMAUI\FirstResponseMAUI.csproj]
C:\Users\bharath.chappa\Desktop\First-Response\demo-first-response-online\leatest upgradedproject\FirstResponseMAUI\Controls\CustomMap.cs(17,16): warning CS8618: Non-nullable event 'IncidentSelected' must contain a non-null value when exiting constructor. Consider adding the 'required' modifier or declaring the event as nullable. [C:\Users\bharath.chappa\Desktop\First-Response\demo-first-response-online\leatest upgradedproject\FirstResponseMAUI\FirstResponseMAUI.csproj]
C:\Users\bharath.chappa\Desktop\First-Response\demo-first-response-online\leatest upgradedproject\FirstResponseMAUI\ViewModels\IncidentDetailViewModel.cs(28,26): warning CS8603: Possible null reference return. [C:\Users\bharath.chappa\Desktop\First-Response\demo-first-response-online\leatest upgradedproject\FirstResponseMAUI\FirstResponseMAUI.csproj]
C:\Users\bharath.chappa\Desktop\First-Response\demo-first-response-online\leatest upgradedproject\FirstResponseMAUI\ViewModels\IncidentDetailViewModel.cs(36,69): warning CS0618: 'MessagingCenter' is obsolete: 'We recommend migrating to `CommunityToolkit.Mvvm.Messaging.WeakReferenceMessenger`: https://www.nuget.org/packages/CommunityToolkit.Mvvm' [C:\Users\bharath.chappa\Desktop\First-Response\demo-first-response-online\leatest upgradedproject\FirstResponseMAUI\FirstResponseMAUI.csproj]
C:\Users\bharath.chappa\Desktop\First-Response\demo-first-response-online\leatest upgradedproject\FirstResponseMAUI\ViewModels\IncidentDetailViewModel.cs(46,13): warning CS0618: 'MessagingCenter' is obsolete: 'We recommend migrating to `CommunityToolkit.Mvvm.Messaging.WeakReferenceMessenger`: https://www.nuget.org/packages/CommunityToolkit.Mvvm' [C:\Users\bharath.chappa\Desktop\First-Response\demo-first-response-online\leatest upgradedproject\FirstResponseMAUI\FirstResponseMAUI.csproj]
C:\Users\bharath.chappa\Desktop\First-Response\demo-first-response-online\leatest upgradedproject\FirstResponseMAUI\ViewModels\IncidentDetailViewModel.cs(47,13): warning CS0618: 'MessagingCenter' is obsolete: 'We recommend migrating to `CommunityToolkit.Mvvm.Messaging.WeakReferenceMessenger`: https://www.nuget.org/packages/CommunityToolkit.Mvvm' [C:\Users\bharath.chappa\Desktop\First-Response\demo-first-response-online\leatest upgradedproject\FirstResponseMAUI\FirstResponseMAUI.csproj]
C:\Users\bharath.chappa\Desktop\First-Response\demo-first-response-online\leatest upgradedproject\FirstResponseMAUI\ViewModels\IncidentDetailViewModel.cs(44,16): warning CS8618: Non-nullable field '_incident' must contain a non-null value when exiting constructor. Consider adding the 'required' modifier or declaring the field as nullable. [C:\Users\bharath.chappa\Desktop\First-Response\demo-first-response-online\leatest upgradedproject\FirstResponseMAUI\FirstResponseMAUI.csproj]
C:\Users\bharath.chappa\Desktop\First-Response\demo-first-response-online\leatest upgradedproject\FirstResponseMAUI\ViewModels\IncidentDetailViewModel.cs(62,13): warning CS0618: 'MessagingCenter' is obsolete: 'We recommend migrating to `CommunityToolkit.Mvvm.Messaging.WeakReferenceMessenger`: https://www.nuget.org/packages/CommunityToolkit.Mvvm' [C:\Users\bharath.chappa\Desktop\First-Response\demo-first-response-online\leatest upgradedproject\FirstResponseMAUI\FirstResponseMAUI.csproj]
C:\Users\bharath.chappa\Desktop\First-Response\demo-first-response-online\leatest upgradedproject\FirstResponseMAUI\Data\Base\RequestProvider.cs(50,20): warning CS8603: Possible null reference return. [C:\Users\bharath.chappa\Desktop\First-Response\demo-first-response-online\leatest upgradedproject\FirstResponseMAUI\FirstResponseMAUI.csproj]
C:\Users\bharath.chappa\Desktop\First-Response\demo-first-response-online\leatest upgradedproject\FirstResponseMAUI\ViewModels\CitiesViewModel.cs(19,16): warning CS8618: Non-nullable field '_cities' must contain a non-null value when exiting constructor. Consider adding the 'required' modifier or declaring the field as nullable. [C:\Users\bharath.chappa\Desktop\First-Response\demo-first-response-online\leatest upgradedproject\FirstResponseMAUI\FirstResponseMAUI.csproj]
C:\Users\bharath.chappa\Desktop\First-Response\demo-first-response-online\leatest upgradedproject\FirstResponseMAUI\ViewModels\CitiesViewModel.cs(19,16): warning CS8618: Non-nullable field '_configViewModel' must contain a non-null value when exiting constructor. Consider adding the 'required' modifier or declaring the field as nullable. [C:\Users\bharath.chappa\Desktop\First-Response\demo-first-response-online\leatest upgradedproject\FirstResponseMAUI\FirstResponseMAUI.csproj]
C:\Users\bharath.chappa\Desktop\First-Response\demo-first-response-online\leatest upgradedproject\FirstResponseMAUI\Controls\CustomMap.cs(158,36): warning CS8602: Dereference of a possibly null reference. [C:\Users\bharath.chappa\Desktop\First-Response\demo-first-response-online\leatest upgradedproject\FirstResponseMAUI\FirstResponseMAUI.csproj]
C:\Users\bharath.chappa\Desktop\First-Response\demo-first-response-online\leatest upgradedproject\FirstResponseMAUI\ViewModels\Base\ViewModelLocator.cs(95,20): warning CS8603: Possible null reference return. [C:\Users\bharath.chappa\Desktop\First-Response\demo-first-response-online\leatest upgradedproject\FirstResponseMAUI\FirstResponseMAUI.csproj]
C:\Users\bharath.chappa\Desktop\First-Response\demo-first-response-online\leatest upgradedproject\FirstResponseMAUI\ViewModels\Base\ViewModelLocator.cs(101,20): warning CS8603: Possible null reference return. [C:\Users\bharath.chappa\Desktop\First-Response\demo-first-response-online\leatest upgradedproject\FirstResponseMAUI\FirstResponseMAUI.csproj]
C:\Users\bharath.chappa\Desktop\First-Response\demo-first-response-online\leatest upgradedproject\FirstResponseMAUI\Data\DataRepository.cs(100,24): warning CS8603: Possible null reference return. [C:\Users\bharath.chappa\Desktop\First-Response\demo-first-response-online\leatest upgradedproject\FirstResponseMAUI\FirstResponseMAUI.csproj]
C:\Users\bharath.chappa\Desktop\First-Response\demo-first-response-online\leatest upgradedproject\FirstResponseMAUI\Data\DataRepository.cs(104,24): warning CS8603: Possible null reference return. [C:\Users\bharath.chappa\Desktop\First-Response\demo-first-response-online\leatest upgradedproject\FirstResponseMAUI\FirstResponseMAUI.csproj]
C:\Users\bharath.chappa\Desktop\First-Response\demo-first-response-online\leatest upgradedproject\FirstResponseMAUI\Data\DataRepository.cs(14,45): warning CS8618: Non-nullable field '_incidentList' must contain a non-null value when exiting constructor. Consider adding the 'required' modifier or declaring the field as nullable. [C:\Users\bharath.chappa\Desktop\First-Response\demo-first-response-online\leatest upgradedproject\FirstResponseMAUI\FirstResponseMAUI.csproj]
C:\Users\bharath.chappa\Desktop\First-Response\demo-first-response-online\leatest upgradedproject\FirstResponseMAUI\Data\DataRepository.cs(15,44): warning CS8618: Non-nullable field '_userResponder' must contain a non-null value when exiting constructor. Consider adding the 'required' modifier or declaring the field as nullable. [C:\Users\bharath.chappa\Desktop\First-Response\demo-first-response-online\leatest upgradedproject\FirstResponseMAUI\FirstResponseMAUI.csproj]
C:\Users\bharath.chappa\Desktop\First-Response\demo-first-response-online\leatest upgradedproject\FirstResponseMAUI\Data\DataRepository.cs(16,42): warning CS8618: Non-nullable field '_routes' must contain a non-null value when exiting constructor. Consider adding the 'required' modifier or declaring the field as nullable. [C:\Users\bharath.chappa\Desktop\First-Response\demo-first-response-online\leatest upgradedproject\FirstResponseMAUI\FirstResponseMAUI.csproj]
C:\Users\bharath.chappa\Desktop\First-Response\demo-first-response-online\leatest upgradedproject\FirstResponseMAUI\Data\DataRepository.cs(17,46): warning CS8618: Non-nullable field '_responderList' must contain a non-null value when exiting constructor. Consider adding the 'required' modifier or declaring the field as nullable. [C:\Users\bharath.chappa\Desktop\First-Response\demo-first-response-online\leatest upgradedproject\FirstResponseMAUI\FirstResponseMAUI.csproj]
C:\Users\bharath.chappa\Desktop\First-Response\demo-first-response-online\leatest upgradedproject\FirstResponseMAUI\Data\DataRepository.cs(18,40): warning CS8618: Non-nullable field '_userRoles' must contain a non-null value when exiting constructor. Consider adding the 'required' modifier or declaring the field as nullable. [C:\Users\bharath.chappa\Desktop\First-Response\demo-first-response-online\leatest upgradedproject\FirstResponseMAUI\FirstResponseMAUI.csproj]
C:\Users\bharath.chappa\Desktop\First-Response\demo-first-response-online\leatest upgradedproject\FirstResponseMAUI\Data\DataRepository.cs(19,44): warning CS8618: Non-nullable field '_suspectList' must contain a non-null value when exiting constructor. Consider adding the 'required' modifier or declaring the field as nullable. [C:\Users\bharath.chappa\Desktop\First-Response\demo-first-response-online\leatest upgradedproject\FirstResponseMAUI\FirstResponseMAUI.csproj]
C:\Users\bharath.chappa\Desktop\First-Response\demo-first-response-online\leatest upgradedproject\FirstResponseMAUI\Data\DataRepository.cs(20,43): warning CS8618: Non-nullable field '_heatPointsList' must contain a non-null value when exiting constructor. Consider adding the 'required' modifier or declaring the field as nullable. [C:\Users\bharath.chappa\Desktop\First-Response\demo-first-response-online\leatest upgradedproject\FirstResponseMAUI\FirstResponseMAUI.csproj]
C:\Users\bharath.chappa\Desktop\First-Response\demo-first-response-online\leatest upgradedproject\FirstResponseMAUI\Extensions\MapExtensions.cs(12,59): warning CS8602: Dereference of a possibly null reference. [C:\Users\bharath.chappa\Desktop\First-Response\demo-first-response-online\leatest upgradedproject\FirstResponseMAUI\FirstResponseMAUI.csproj]
C:\Users\bharath.chappa\Desktop\First-Response\demo-first-response-online\leatest upgradedproject\FirstResponseMAUI\Triggers\BeginAnimation.cs(8,30): warning CS8618: Non-nullable property 'Animation' must contain a non-null value when exiting constructor. Consider adding the 'required' modifier or declaring the property as nullable. [C:\Users\bharath.chappa\Desktop\First-Response\demo-first-response-online\leatest upgradedproject\FirstResponseMAUI\FirstResponseMAUI.csproj]
C:\Users\bharath.chappa\Desktop\First-Response\demo-first-response-online\leatest upgradedproject\FirstResponseMAUI\Extensions\MapExtensions.cs(23,22): warning CS8602: Dereference of a possibly null reference. [C:\Users\bharath.chappa\Desktop\First-Response\demo-first-response-online\leatest upgradedproject\FirstResponseMAUI\FirstResponseMAUI.csproj]
C:\Users\bharath.chappa\Desktop\First-Response\demo-first-response-online\leatest upgradedproject\FirstResponseMAUI\Models\VehicleModel.cs(6,23): warning CS8618: Non-nullable property 'Make' must contain a non-null value when exiting constructor. Consider adding the 'required' modifier or declaring the property as nullable. [C:\Users\bharath.chappa\Desktop\First-Response\demo-first-response-online\leatest upgradedproject\FirstResponseMAUI\FirstResponseMAUI.csproj]
C:\Users\bharath.chappa\Desktop\First-Response\demo-first-response-online\leatest upgradedproject\FirstResponseMAUI\Models\VehicleModel.cs(7,23): warning CS8618: Non-nullable property 'Model' must contain a non-null value when exiting constructor. Consider adding the 'required' modifier or declaring the property as nullable. [C:\Users\bharath.chappa\Desktop\First-Response\demo-first-response-online\leatest upgradedproject\FirstResponseMAUI\FirstResponseMAUI.csproj]
C:\Users\bharath.chappa\Desktop\First-Response\demo-first-response-online\leatest upgradedproject\FirstResponseMAUI\Models\VehicleModel.cs(8,23): warning CS8618: Non-nullable property 'PlateNo' must contain a non-null value when exiting constructor. Consider adding the 'required' modifier or declaring the property as nullable. [C:\Users\bharath.chappa\Desktop\First-Response\demo-first-response-online\leatest upgradedproject\FirstResponseMAUI\FirstResponseMAUI.csproj]
C:\Users\bharath.chappa\Desktop\First-Response\demo-first-response-online\leatest upgradedproject\FirstResponseMAUI\Models\Users\AuthenticationRequest.cs(5,23): warning CS8618: Non-nullable property 'UserName' must contain a non-null value when exiting constructor. Consider adding the 'required' modifier or declaring the property as nullable. [C:\Users\bharath.chappa\Desktop\First-Response\demo-first-response-online\leatest upgradedproject\FirstResponseMAUI\FirstResponseMAUI.csproj]
C:\Users\bharath.chappa\Desktop\First-Response\demo-first-response-online\leatest upgradedproject\FirstResponseMAUI\Models\Users\AuthenticationRequest.cs(7,23): warning CS8618: Non-nullable property 'Password' must contain a non-null value when exiting constructor. Consider adding the 'required' modifier or declaring the property as nullable. [C:\Users\bharath.chappa\Desktop\First-Response\demo-first-response-online\leatest upgradedproject\FirstResponseMAUI\FirstResponseMAUI.csproj]
C:\Users\bharath.chappa\Desktop\First-Response\demo-first-response-online\leatest upgradedproject\FirstResponseMAUI\Services\Suspect\SuspectService.cs(44,69): warning CS8625: Cannot convert null literal to non-nullable reference type. [C:\Users\bharath.chappa\Desktop\First-Response\demo-first-response-online\leatest upgradedproject\FirstResponseMAUI\FirstResponseMAUI.csproj]
C:\Users\bharath.chappa\Desktop\First-Response\demo-first-response-online\leatest upgradedproject\FirstResponseMAUI\Models\UserRole.cs(5,23): warning CS8618: Non-nullable property 'Name' must contain a non-null value when exiting constructor. Consider adding the 'required' modifier or declaring the property as nullable. [C:\Users\bharath.chappa\Desktop\First-Response\demo-first-response-online\leatest upgradedproject\FirstResponseMAUI\FirstResponseMAUI.csproj]
C:\Users\bharath.chappa\Desktop\First-Response\demo-first-response-online\leatest upgradedproject\FirstResponseMAUI\Models\UserRole.cs(6,23): warning CS8618: Non-nullable property 'UserName' must contain a non-null value when exiting constructor. Consider adding the 'required' modifier or declaring the property as nullable. [C:\Users\bharath.chappa\Desktop\First-Response\demo-first-response-online\leatest upgradedproject\FirstResponseMAUI\FirstResponseMAUI.csproj]
C:\Users\bharath.chappa\Desktop\First-Response\demo-first-response-online\leatest upgradedproject\FirstResponseMAUI\Models\UserRole.cs(7,23): warning CS8618: Non-nullable property 'RoleName' must contain a non-null value when exiting constructor. Consider adding the 'required' modifier or declaring the property as nullable. [C:\Users\bharath.chappa\Desktop\First-Response\demo-first-response-online\leatest upgradedproject\FirstResponseMAUI\FirstResponseMAUI.csproj]
C:\Users\bharath.chappa\Desktop\First-Response\demo-first-response-online\leatest upgradedproject\FirstResponseMAUI\Models\UserRole.cs(8,23): warning CS8618: Non-nullable property 'UserRoleImage' must contain a non-null value when exiting constructor. Consider adding the 'required' modifier or declaring the property as nullable. [C:\Users\bharath.chappa\Desktop\First-Response\demo-first-response-online\leatest upgradedproject\FirstResponseMAUI\FirstResponseMAUI.csproj]
C:\Users\bharath.chappa\Desktop\First-Response\demo-first-response-online\leatest upgradedproject\FirstResponseMAUI\Helpers\Settings.cs(97,24): warning CS8603: Possible null reference return. [C:\Users\bharath.chappa\Desktop\First-Response\demo-first-response-online\leatest upgradedproject\FirstResponseMAUI\FirstResponseMAUI.csproj]
C:\Users\bharath.chappa\Desktop\First-Response\demo-first-response-online\leatest upgradedproject\FirstResponseMAUI\Services\Navigation\NavigationPopupService.cs(14,53): warning CS8625: Cannot convert null literal to non-nullable reference type. [C:\Users\bharath.chappa\Desktop\First-Response\demo-first-response-online\leatest upgradedproject\FirstResponseMAUI\FirstResponseMAUI.csproj]
C:\Users\bharath.chappa\Desktop\First-Response\demo-first-response-online\leatest upgradedproject\FirstResponseMAUI\Models\TicketModel.cs(8,24): warning CS8618: Non-nullable field '_violation' must contain a non-null value when exiting constructor. Consider adding the 'required' modifier or declaring the field as nullable. [C:\Users\bharath.chappa\Desktop\First-Response\demo-first-response-online\leatest upgradedproject\FirstResponseMAUI\FirstResponseMAUI.csproj]
C:\Users\bharath.chappa\Desktop\First-Response\demo-first-response-online\leatest upgradedproject\FirstResponseMAUI\Models\TicketModel.cs(11,23): warning CS8618: Non-nullable property 'Type' must contain a non-null value when exiting constructor. Consider adding the 'required' modifier or declaring the property as nullable. [C:\Users\bharath.chappa\Desktop\First-Response\demo-first-response-online\leatest upgradedproject\FirstResponseMAUI\FirstResponseMAUI.csproj]
C:\Users\bharath.chappa\Desktop\First-Response\demo-first-response-online\leatest upgradedproject\FirstResponseMAUI\Models\TicketModel.cs(12,23): warning CS8618: Non-nullable property 'Officer' must contain a non-null value when exiting constructor. Consider adding the 'required' modifier or declaring the property as nullable. [C:\Users\bharath.chappa\Desktop\First-Response\demo-first-response-online\leatest upgradedproject\FirstResponseMAUI\FirstResponseMAUI.csproj]
C:\Users\bharath.chappa\Desktop\First-Response\demo-first-response-online\leatest upgradedproject\FirstResponseMAUI\Models\TicketModel.cs(18,23): warning CS8618: Non-nullable property 'Notes' must contain a non-null value when exiting constructor. Consider adding the 'required' modifier or declaring the property as nullable. [C:\Users\bharath.chappa\Desktop\First-Response\demo-first-response-online\leatest upgradedproject\FirstResponseMAUI\FirstResponseMAUI.csproj]
C:\Users\bharath.chappa\Desktop\First-Response\demo-first-response-online\leatest upgradedproject\FirstResponseMAUI\Models\TicketModel.cs(19,28): warning CS8618: Non-nullable property 'Driver' must contain a non-null value when exiting constructor. Consider adding the 'required' modifier or declaring the property as nullable. [C:\Users\bharath.chappa\Desktop\First-Response\demo-first-response-online\leatest upgradedproject\FirstResponseMAUI\FirstResponseMAUI.csproj]
C:\Users\bharath.chappa\Desktop\First-Response\demo-first-response-online\leatest upgradedproject\FirstResponseMAUI\Models\TicketModel.cs(20,29): warning CS8618: Non-nullable property 'Vehicle' must contain a non-null value when exiting constructor. Consider adding the 'required' modifier or declaring the property as nullable. [C:\Users\bharath.chappa\Desktop\First-Response\demo-first-response-online\leatest upgradedproject\FirstResponseMAUI\FirstResponseMAUI.csproj]
C:\Users\bharath.chappa\Desktop\First-Response\demo-first-response-online\leatest upgradedproject\FirstResponseMAUI\Models\TicketModel.cs(21,32): warning CS8618: Non-nullable property 'SearchArea' must contain a non-null value when exiting constructor. Consider adding the 'required' modifier or declaring the property as nullable. [C:\Users\bharath.chappa\Desktop\First-Response\demo-first-response-online\leatest upgradedproject\FirstResponseMAUI\FirstResponseMAUI.csproj]
C:\Users\bharath.chappa\Desktop\First-Response\demo-first-response-online\leatest upgradedproject\FirstResponseMAUI\Models\SuspectModel.cs(17,41): warning CS8600: Converting null literal or possible null value to non-nullable type. [C:\Users\bharath.chappa\Desktop\First-Response\demo-first-response-online\leatest upgradedproject\FirstResponseMAUI\FirstResponseMAUI.csproj]
C:\Users\bharath.chappa\Desktop\First-Response\demo-first-response-online\leatest upgradedproject\FirstResponseMAUI\Models\SuspectModel.cs(18,38): warning CS8602: Dereference of a possibly null reference. [C:\Users\bharath.chappa\Desktop\First-Response\demo-first-response-online\leatest upgradedproject\FirstResponseMAUI\FirstResponseMAUI.csproj]
C:\Users\bharath.chappa\Desktop\First-Response\demo-first-response-online\leatest upgradedproject\FirstResponseMAUI\Services\Navigation\NavigationPopupService.cs(28,33): warning CS8600: Converting null literal or possible null value to non-nullable type. [C:\Users\bharath.chappa\Desktop\First-Response\demo-first-response-online\leatest upgradedproject\FirstResponseMAUI\FirstResponseMAUI.csproj]
C:\Users\bharath.chappa\Desktop\First-Response\demo-first-response-online\leatest upgradedproject\FirstResponseMAUI\Services\Navigation\NavigationService.cs(20,24): warning CS8603: Possible null reference return. [C:\Users\bharath.chappa\Desktop\First-Response\demo-first-response-online\leatest upgradedproject\FirstResponseMAUI\FirstResponseMAUI.csproj]
C:\Users\bharath.chappa\Desktop\First-Response\demo-first-response-online\leatest upgradedproject\FirstResponseMAUI\Services\Navigation\NavigationService.cs(39,64): warning CS8625: Cannot convert null literal to non-nullable reference type. [C:\Users\bharath.chappa\Desktop\First-Response\demo-first-response-online\leatest upgradedproject\FirstResponseMAUI\FirstResponseMAUI.csproj]
C:\Users\bharath.chappa\Desktop\First-Response\demo-first-response-online\leatest upgradedproject\FirstResponseMAUI\Services\Navigation\NavigationService.cs(49,59): warning CS8625: Cannot convert null literal to non-nullable reference type. [C:\Users\bharath.chappa\Desktop\First-Response\demo-first-response-online\leatest upgradedproject\FirstResponseMAUI\FirstResponseMAUI.csproj]
C:\Users\bharath.chappa\Desktop\First-Response\demo-first-response-online\leatest upgradedproject\FirstResponseMAUI\Helpers\EasingHelper.cs(36,20): warning CS8603: Possible null reference return. [C:\Users\bharath.chappa\Desktop\First-Response\demo-first-response-online\leatest upgradedproject\FirstResponseMAUI\FirstResponseMAUI.csproj]
C:\Users\bharath.chappa\Desktop\First-Response\demo-first-response-online\leatest upgradedproject\FirstResponseMAUI\Services\Authentication\AuthenticationService.cs(49,52): warning CS8625: Cannot convert null literal to non-nullable reference type. [C:\Users\bharath.chappa\Desktop\First-Response\demo-first-response-online\leatest upgradedproject\FirstResponseMAUI\FirstResponseMAUI.csproj]
C:\Users\bharath.chappa\Desktop\First-Response\demo-first-response-online\leatest upgradedproject\FirstResponseMAUI\Services\Cities\CitiesService.cs(58,20): warning CS8603: Possible null reference return. [C:\Users\bharath.chappa\Desktop\First-Response\demo-first-response-online\leatest upgradedproject\FirstResponseMAUI\FirstResponseMAUI.csproj]
C:\Users\bharath.chappa\Desktop\First-Response\demo-first-response-online\leatest upgradedproject\FirstResponseMAUI\Models\DriverModel.cs(6,23): warning CS8618: Non-nullable property 'Name' must contain a non-null value when exiting constructor. Consider adding the 'required' modifier or declaring the property as nullable. [C:\Users\bharath.chappa\Desktop\First-Response\demo-first-response-online\leatest upgradedproject\FirstResponseMAUI\FirstResponseMAUI.csproj]
C:\Users\bharath.chappa\Desktop\First-Response\demo-first-response-online\leatest upgradedproject\FirstResponseMAUI\Models\DriverModel.cs(7,23): warning CS8618: Non-nullable property 'LicenceNo' must contain a non-null value when exiting constructor. Consider adding the 'required' modifier or declaring the property as nullable. [C:\Users\bharath.chappa\Desktop\First-Response\demo-first-response-online\leatest upgradedproject\FirstResponseMAUI\FirstResponseMAUI.csproj]
C:\Users\bharath.chappa\Desktop\First-Response\demo-first-response-online\leatest upgradedproject\FirstResponseMAUI\Models\DriverModel.cs(8,23): warning CS8618: Non-nullable property 'HomeAddress' must contain a non-null value when exiting constructor. Consider adding the 'required' modifier or declaring the property as nullable. [C:\Users\bharath.chappa\Desktop\First-Response\demo-first-response-online\leatest upgradedproject\FirstResponseMAUI\FirstResponseMAUI.csproj]
C:\Users\bharath.chappa\Desktop\First-Response\demo-first-response-online\leatest upgradedproject\FirstResponseMAUI\Models\DriverModel.cs(9,23): warning CS8618: Non-nullable property 'Phone' must contain a non-null value when exiting constructor. Consider adding the 'required' modifier or declaring the property as nullable. [C:\Users\bharath.chappa\Desktop\First-Response\demo-first-response-online\leatest upgradedproject\FirstResponseMAUI\FirstResponseMAUI.csproj]
C:\Users\bharath.chappa\Desktop\First-Response\demo-first-response-online\leatest upgradedproject\FirstResponseMAUI\Helpers\IncidentHelper.cs(36,20): warning CS8603: Possible null reference return. [C:\Users\bharath.chappa\Desktop\First-Response\demo-first-response-online\leatest upgradedproject\FirstResponseMAUI\FirstResponseMAUI.csproj]
C:\Users\bharath.chappa\Desktop\First-Response\demo-first-response-online\leatest upgradedproject\FirstResponseMAUI\Models\EventModel.cs(10,23): warning CS8618: Non-nullable property 'CityName' must contain a non-null value when exiting constructor. Consider adding the 'required' modifier or declaring the property as nullable. [C:\Users\bharath.chappa\Desktop\First-Response\demo-first-response-online\leatest upgradedproject\FirstResponseMAUI\FirstResponseMAUI.csproj]
C:\Users\bharath.chappa\Desktop\First-Response\demo-first-response-online\leatest upgradedproject\FirstResponseMAUI\Models\EventModel.cs(16,31): warning CS8618: Non-nullable property 'AmbulancePosition' must contain a non-null value when exiting constructor. Consider adding the 'required' modifier or declaring the property as nullable. [C:\Users\bharath.chappa\Desktop\First-Response\demo-first-response-online\leatest upgradedproject\FirstResponseMAUI\FirstResponseMAUI.csproj]
C:\Users\bharath.chappa\Desktop\First-Response\demo-first-response-online\leatest upgradedproject\FirstResponseMAUI\Services\Dialog\DialogService.cs(12,20): warning CS8602: Dereference of a possibly null reference. [C:\Users\bharath.chappa\Desktop\First-Response\demo-first-response-online\leatest upgradedproject\FirstResponseMAUI\FirstResponseMAUI.csproj]
C:\Users\bharath.chappa\Desktop\First-Response\demo-first-response-online\leatest upgradedproject\FirstResponseMAUI\Services\Dialog\DialogService.cs(12,20): warning CS8602: Dereference of a possibly null reference. [C:\Users\bharath.chappa\Desktop\First-Response\demo-first-response-online\leatest upgradedproject\FirstResponseMAUI\FirstResponseMAUI.csproj]
C:\Users\bharath.chappa\Desktop\First-Response\demo-first-response-online\leatest upgradedproject\FirstResponseMAUI\Services\Dialog\DialogService.cs(16,20): warning CS8602: Dereference of a possibly null reference. [C:\Users\bharath.chappa\Desktop\First-Response\demo-first-response-online\leatest upgradedproject\FirstResponseMAUI\FirstResponseMAUI.csproj]
C:\Users\bharath.chappa\Desktop\First-Response\demo-first-response-online\leatest upgradedproject\FirstResponseMAUI\Services\Dialog\DialogService.cs(16,20): warning CS8602: Dereference of a possibly null reference. [C:\Users\bharath.chappa\Desktop\First-Response\demo-first-response-online\leatest upgradedproject\FirstResponseMAUI\FirstResponseMAUI.csproj]
C:\Users\bharath.chappa\Desktop\First-Response\demo-first-response-online\leatest upgradedproject\FirstResponseMAUI\Models\IncidentTypeData.cs(8,23): warning CS8618: Non-nullable property 'Icon' must contain a non-null value when exiting constructor. Consider adding the 'required' modifier or declaring the property as nullable. [C:\Users\bharath.chappa\Desktop\First-Response\demo-first-response-online\leatest upgradedproject\FirstResponseMAUI\FirstResponseMAUI.csproj]
C:\Users\bharath.chappa\Desktop\First-Response\demo-first-response-online\leatest upgradedproject\FirstResponseMAUI\Models\IncidentTypeData.cs(10,23): warning CS8618: Non-nullable property 'Pin' must contain a non-null value when exiting constructor. Consider adding the 'required' modifier or declaring the property as nullable. [C:\Users\bharath.chappa\Desktop\First-Response\demo-first-response-online\leatest upgradedproject\FirstResponseMAUI\FirstResponseMAUI.csproj]
C:\Users\bharath.chappa\Desktop\First-Response\demo-first-response-online\leatest upgradedproject\FirstResponseMAUI\Models\IncidentTypeData.cs(16,22): warning CS8618: Non-nullable property 'Color' must contain a non-null value when exiting constructor. Consider adding the 'required' modifier or declaring the property as nullable. [C:\Users\bharath.chappa\Desktop\First-Response\demo-first-response-online\leatest upgradedproject\FirstResponseMAUI\FirstResponseMAUI.csproj]
C:\Users\bharath.chappa\Desktop\First-Response\demo-first-response-online\leatest upgradedproject\FirstResponseMAUI\Services\Navigation\NavigationService.cs(132,27): warning CS8600: Converting null literal or possible null value to non-nullable type. [C:\Users\bharath.chappa\Desktop\First-Response\demo-first-response-online\leatest upgradedproject\FirstResponseMAUI\FirstResponseMAUI.csproj]
C:\Users\bharath.chappa\Desktop\First-Response\demo-first-response-online\leatest upgradedproject\FirstResponseMAUI\Services\Navigation\NavigationService.cs(134,24): warning CS8600: Converting null literal or possible null value to non-nullable type. [C:\Users\bharath.chappa\Desktop\First-Response\demo-first-response-online\leatest upgradedproject\FirstResponseMAUI\FirstResponseMAUI.csproj]
C:\Users\bharath.chappa\Desktop\First-Response\demo-first-response-online\leatest upgradedproject\FirstResponseMAUI\Services\Navigation\NavigationService.cs(136,39): warning CS8600: Converting null literal or possible null value to non-nullable type. [C:\Users\bharath.chappa\Desktop\First-Response\demo-first-response-online\leatest upgradedproject\FirstResponseMAUI\FirstResponseMAUI.csproj]
C:\Users\bharath.chappa\Desktop\First-Response\demo-first-response-online\leatest upgradedproject\FirstResponseMAUI\Services\Navigation\NavigationService.cs(142,20): warning CS8603: Possible null reference return. [C:\Users\bharath.chappa\Desktop\First-Response\demo-first-response-online\leatest upgradedproject\FirstResponseMAUI\FirstResponseMAUI.csproj]
C:\Users\bharath.chappa\Desktop\First-Response\demo-first-response-online\leatest upgradedproject\FirstResponseMAUI\Models\ResponderRequestModel.cs(32,16): warning CS8618: Non-nullable field '_responseId' must contain a non-null value when exiting constructor. Consider adding the 'required' modifier or declaring the field as nullable. [C:\Users\bharath.chappa\Desktop\First-Response\demo-first-response-online\leatest upgradedproject\FirstResponseMAUI\FirstResponseMAUI.csproj]
C:\Users\bharath.chappa\Desktop\First-Response\demo-first-response-online\leatest upgradedproject\FirstResponseMAUI\Models\ResponderRequestModel.cs(32,16): warning CS8618: Non-nullable field '_responseColor' must contain a non-null value when exiting constructor. Consider adding the 'required' modifier or declaring the field as nullable. [C:\Users\bharath.chappa\Desktop\First-Response\demo-first-response-online\leatest upgradedproject\FirstResponseMAUI\FirstResponseMAUI.csproj]
C:\Users\bharath.chappa\Desktop\First-Response\demo-first-response-online\leatest upgradedproject\FirstResponseMAUI\Services\Incidents\IncidentsService.cs(80,59): warning CS8625: Cannot convert null literal to non-nullable reference type. [C:\Users\bharath.chappa\Desktop\First-Response\demo-first-response-online\leatest upgradedproject\FirstResponseMAUI\FirstResponseMAUI.csproj]
C:\Users\bharath.chappa\Desktop\First-Response\demo-first-response-online\leatest upgradedproject\FirstResponseMAUI\Models\ResponderRequestModel.cs(34,16): warning CS8618: Non-nullable field '_responseId' must contain a non-null value when exiting constructor. Consider adding the 'required' modifier or declaring the field as nullable. [C:\Users\bharath.chappa\Desktop\First-Response\demo-first-response-online\leatest upgradedproject\FirstResponseMAUI\FirstResponseMAUI.csproj]
C:\Users\bharath.chappa\Desktop\First-Response\demo-first-response-online\leatest upgradedproject\FirstResponseMAUI\Models\ResponderRequestModel.cs(34,16): warning CS8618: Non-nullable field '_responseColor' must contain a non-null value when exiting constructor. Consider adding the 'required' modifier or declaring the field as nullable. [C:\Users\bharath.chappa\Desktop\First-Response\demo-first-response-online\leatest upgradedproject\FirstResponseMAUI\FirstResponseMAUI.csproj]
C:\Users\bharath.chappa\Desktop\First-Response\demo-first-response-online\leatest upgradedproject\FirstResponseMAUI\Services\Incidents\IncidentsService.cs(84,36): warning CS8618: Non-nullable field 'SearchArea' must contain a non-null value when exiting constructor. Consider adding the 'required' modifier or declaring the field as nullable. [C:\Users\bharath.chappa\Desktop\First-Response\demo-first-response-online\leatest upgradedproject\FirstResponseMAUI\FirstResponseMAUI.csproj]
C:\Users\bharath.chappa\Desktop\First-Response\demo-first-response-online\leatest upgradedproject\FirstResponseMAUI\Services\Incidents\IncidentsService.cs(86,34): warning CS8618: Non-nullable field 'Tickets' must contain a non-null value when exiting constructor. Consider adding the 'required' modifier or declaring the field as nullable. [C:\Users\bharath.chappa\Desktop\First-Response\demo-first-response-online\leatest upgradedproject\FirstResponseMAUI\FirstResponseMAUI.csproj]
C:\Users\bharath.chappa\Desktop\First-Response\demo-first-response-online\leatest upgradedproject\FirstResponseMAUI\Models\SearchAreaModel.cs(5,30): warning CS8618: Non-nullable property 'Polygon' must contain a non-null value when exiting constructor. Consider adding the 'required' modifier or declaring the property as nullable. [C:\Users\bharath.chappa\Desktop\First-Response\demo-first-response-online\leatest upgradedproject\FirstResponseMAUI\FirstResponseMAUI.csproj]
C:\Users\bharath.chappa\Desktop\First-Response\demo-first-response-online\leatest upgradedproject\FirstResponseMAUI\Models\SearchAreaModel.cs(7,30): warning CS8618: Non-nullable property 'Tickets' must contain a non-null value when exiting constructor. Consider adding the 'required' modifier or declaring the property as nullable. [C:\Users\bharath.chappa\Desktop\First-Response\demo-first-response-online\leatest upgradedproject\FirstResponseMAUI\FirstResponseMAUI.csproj]
C:\Users\bharath.chappa\Desktop\First-Response\demo-first-response-online\leatest upgradedproject\FirstResponseMAUI\Models\RouteModel.cs(8,35): warning CS8618: Non-nullable property 'RoutePoints' must contain a non-null value when exiting constructor. Consider adding the 'required' modifier or declaring the property as nullable. [C:\Users\bharath.chappa\Desktop\First-Response\demo-first-response-online\leatest upgradedproject\FirstResponseMAUI\FirstResponseMAUI.csproj]
C:\Users\bharath.chappa\Desktop\First-Response\demo-first-response-online\leatest upgradedproject\FirstResponseMAUI\Models\SuspectModel.cs(7,23): warning CS8618: Non-nullable property 'Name' must contain a non-null value when exiting constructor. Consider adding the 'required' modifier or declaring the property as nullable. [C:\Users\bharath.chappa\Desktop\First-Response\demo-first-response-online\leatest upgradedproject\FirstResponseMAUI\FirstResponseMAUI.csproj]
C:\Users\bharath.chappa\Desktop\First-Response\demo-first-response-online\leatest upgradedproject\FirstResponseMAUI\Models\SuspectModel.cs(8,23): warning CS8618: Non-nullable property 'HairColor' must contain a non-null value when exiting constructor. Consider adding the 'required' modifier or declaring the property as nullable. [C:\Users\bharath.chappa\Desktop\First-Response\demo-first-response-online\leatest upgradedproject\FirstResponseMAUI\FirstResponseMAUI.csproj]
C:\Users\bharath.chappa\Desktop\First-Response\demo-first-response-online\leatest upgradedproject\FirstResponseMAUI\Models\SuspectModel.cs(9,23): warning CS8618: Non-nullable property 'EyeColor' must contain a non-null value when exiting constructor. Consider adding the 'required' modifier or declaring the property as nullable. [C:\Users\bharath.chappa\Desktop\First-Response\demo-first-response-online\leatest upgradedproject\FirstResponseMAUI\FirstResponseMAUI.csproj]
C:\Users\bharath.chappa\Desktop\First-Response\demo-first-response-online\leatest upgradedproject\FirstResponseMAUI\Models\SuspectModel.cs(10,23): warning CS8618: Non-nullable property 'SkinColor' must contain a non-null value when exiting constructor. Consider adding the 'required' modifier or declaring the property as nullable. [C:\Users\bharath.chappa\Desktop\First-Response\demo-first-response-online\leatest upgradedproject\FirstResponseMAUI\FirstResponseMAUI.csproj]
C:\Users\bharath.chappa\Desktop\First-Response\demo-first-response-online\leatest upgradedproject\FirstResponseMAUI\Models\SuspectModel.cs(11,23): warning CS8618: Non-nullable property 'Sex' must contain a non-null value when exiting constructor. Consider adding the 'required' modifier or declaring the property as nullable. [C:\Users\bharath.chappa\Desktop\First-Response\demo-first-response-online\leatest upgradedproject\FirstResponseMAUI\FirstResponseMAUI.csproj]
C:\Users\bharath.chappa\Desktop\First-Response\demo-first-response-online\leatest upgradedproject\FirstResponseMAUI\Models\SuspectModel.cs(12,23): warning CS8618: Non-nullable property 'SuspectSearchImage' must contain a non-null value when exiting constructor. Consider adding the 'required' modifier or declaring the property as nullable. [C:\Users\bharath.chappa\Desktop\First-Response\demo-first-response-online\leatest upgradedproject\FirstResponseMAUI\FirstResponseMAUI.csproj]
C:\Users\bharath.chappa\Desktop\First-Response\demo-first-response-online\leatest upgradedproject\FirstResponseMAUI\Models\ResponderModel.cs(29,30): warning CS8618: Non-nullable property 'Incident' must contain a non-null value when exiting constructor. Consider adding the 'required' modifier or declaring the property as nullable. [C:\Users\bharath.chappa\Desktop\First-Response\demo-first-response-online\leatest upgradedproject\FirstResponseMAUI\FirstResponseMAUI.csproj]
C:\Users\bharath.chappa\Desktop\First-Response\demo-first-response-online\leatest upgradedproject\FirstResponseMAUI\Models\ResponderModel.cs(30,38): warning CS8618: Non-nullable property 'Request' must contain a non-null value when exiting constructor. Consider adding the 'required' modifier or declaring the property as nullable. [C:\Users\bharath.chappa\Desktop\First-Response\demo-first-response-online\leatest upgradedproject\FirstResponseMAUI\FirstResponseMAUI.csproj]
C:\Users\bharath.chappa\Desktop\First-Response\demo-first-response-online\leatest upgradedproject\FirstResponseMAUI\Models\IncidentModel.cs(16,24): warning CS8618: Non-nullable field '_description' must contain a non-null value when exiting constructor. Consider adding the 'required' modifier or declaring the field as nullable. [C:\Users\bharath.chappa\Desktop\First-Response\demo-first-response-online\leatest upgradedproject\FirstResponseMAUI\FirstResponseMAUI.csproj]
C:\Users\bharath.chappa\Desktop\First-Response\demo-first-response-online\leatest upgradedproject\FirstResponseMAUI\Models\IncidentModel.cs(20,23): warning CS8618: Non-nullable property 'CallNumber' must contain a non-null value when exiting constructor. Consider adding the 'required' modifier or declaring the property as nullable. [C:\Users\bharath.chappa\Desktop\First-Response\demo-first-response-online\leatest upgradedproject\FirstResponseMAUI\FirstResponseMAUI.csproj]
C:\Users\bharath.chappa\Desktop\First-Response\demo-first-response-online\leatest upgradedproject\FirstResponseMAUI\Models\IncidentModel.cs(21,23): warning CS8618: Non-nullable property 'Phone' must contain a non-null value when exiting constructor. Consider adding the 'required' modifier or declaring the property as nullable. [C:\Users\bharath.chappa\Desktop\First-Response\demo-first-response-online\leatest upgradedproject\FirstResponseMAUI\FirstResponseMAUI.csproj]
C:\Users\bharath.chappa\Desktop\First-Response\demo-first-response-online\leatest upgradedproject\FirstResponseMAUI\Models\IncidentModel.cs(22,23): warning CS8618: Non-nullable property 'UnmaskedPhone' must contain a non-null value when exiting constructor. Consider adding the 'required' modifier or declaring the property as nullable. [C:\Users\bharath.chappa\Desktop\First-Response\demo-first-response-online\leatest upgradedproject\FirstResponseMAUI\FirstResponseMAUI.csproj]
C:\Users\bharath.chappa\Desktop\First-Response\demo-first-response-online\leatest upgradedproject\FirstResponseMAUI\Models\IncidentModel.cs(23,23): warning CS8618: Non-nullable property 'Title' must contain a non-null value when exiting constructor. Consider adding the 'required' modifier or declaring the property as nullable. [C:\Users\bharath.chappa\Desktop\First-Response\demo-first-response-online\leatest upgradedproject\FirstResponseMAUI\FirstResponseMAUI.csproj]
C:\Users\bharath.chappa\Desktop\First-Response\demo-first-response-online\leatest upgradedproject\FirstResponseMAUI\Models\IncidentModel.cs(25,23): warning CS8618: Non-nullable property 'PropertyName' must contain a non-null value when exiting constructor. Consider adding the 'required' modifier or declaring the property as nullable. [C:\Users\bharath.chappa\Desktop\First-Response\demo-first-response-online\leatest upgradedproject\FirstResponseMAUI\FirstResponseMAUI.csproj]
C:\Users\bharath.chappa\Desktop\First-Response\demo-first-response-online\leatest upgradedproject\FirstResponseMAUI\Models\IncidentModel.cs(26,23): warning CS8618: Non-nullable property 'Address' must contain a non-null value when exiting constructor. Consider adding the 'required' modifier or declaring the property as nullable. [C:\Users\bharath.chappa\Desktop\First-Response\demo-first-response-online\leatest upgradedproject\FirstResponseMAUI\FirstResponseMAUI.csproj]
C:\Users\bharath.chappa\Desktop\First-Response\demo-first-response-online\leatest upgradedproject\FirstResponseMAUI\Models\IncidentModel.cs(27,23): warning CS8618: Non-nullable property 'ReportingParty' must contain a non-null value when exiting constructor. Consider adding the 'required' modifier or declaring the property as nullable. [C:\Users\bharath.chappa\Desktop\First-Response\demo-first-response-online\leatest upgradedproject\FirstResponseMAUI\FirstResponseMAUI.csproj]
C:\Users\bharath.chappa\Desktop\First-Response\demo-first-response-online\leatest upgradedproject\FirstResponseMAUI\Models\IncidentModel.cs(28,23): warning CS8618: Non-nullable property 'UnmaskedReportingParty' must contain a non-null value when exiting constructor. Consider adding the 'required' modifier or declaring the property as nullable. [C:\Users\bharath.chappa\Desktop\First-Response\demo-first-response-online\leatest upgradedproject\FirstResponseMAUI\FirstResponseMAUI.csproj]
C:\Users\bharath.chappa\Desktop\First-Response\demo-first-response-online\leatest upgradedproject\FirstResponseMAUI\Models\IncidentModel.cs(40,23): warning CS8618: Non-nullable property 'UpdateDescription' must contain a non-null value when exiting constructor. Consider adding the 'required' modifier or declaring the property as nullable. [C:\Users\bharath.chappa\Desktop\First-Response\demo-first-response-online\leatest upgradedproject\FirstResponseMAUI\FirstResponseMAUI.csproj]
C:\Users\bharath.chappa\Desktop\First-Response\demo-first-response-online\leatest upgradedproject\FirstResponseMAUI\Models\IncidentModel.cs(54,22): warning CS8618: Non-nullable property 'IncidentColor' must contain a non-null value when exiting constructor. Consider adding the 'required' modifier or declaring the property as nullable. [C:\Users\bharath.chappa\Desktop\First-Response\demo-first-response-online\leatest upgradedproject\FirstResponseMAUI\FirstResponseMAUI.csproj]
C:\Users\bharath.chappa\Desktop\First-Response\demo-first-response-online\leatest upgradedproject\FirstResponseMAUI\Models\IncidentModel.cs(57,32): warning CS8618: Non-nullable property 'SearchArea' must contain a non-null value when exiting constructor. Consider adding the 'required' modifier or declaring the property as nullable. [C:\Users\bharath.chappa\Desktop\First-Response\demo-first-response-online\leatest upgradedproject\FirstResponseMAUI\FirstResponseMAUI.csproj]
C:\Users\bharath.chappa\Desktop\First-Response\demo-first-response-online\leatest upgradedproject\FirstResponseMAUI\Models\IncidentModel.cs(92,23): warning CS8618: Non-nullable property 'IncidentIcon' must contain a non-null value when exiting constructor. Consider adding the 'required' modifier or declaring the property as nullable. [C:\Users\bharath.chappa\Desktop\First-Response\demo-first-response-online\leatest upgradedproject\FirstResponseMAUI\FirstResponseMAUI.csproj]
C:\Users\bharath.chappa\Desktop\First-Response\demo-first-response-online\leatest upgradedproject\FirstResponseMAUI\Services\Incidents\IncidentsService.cs(84,36): warning CS0649: Field 'IncidentsService.JsonSearchArea.SearchArea' is never assigned to, and will always have its default value null [C:\Users\bharath.chappa\Desktop\First-Response\demo-first-response-online\leatest upgradedproject\FirstResponseMAUI\FirstResponseMAUI.csproj]
C:\Users\bharath.chappa\Desktop\First-Response\demo-first-response-online\leatest upgradedproject\FirstResponseMAUI\Services\Incidents\IncidentsService.cs(86,34): warning CS0649: Field 'IncidentsService.JsonSearchArea.Tickets' is never assigned to, and will always have its default value null [C:\Users\bharath.chappa\Desktop\First-Response\demo-first-response-online\leatest upgradedproject\FirstResponseMAUI\FirstResponseMAUI.csproj]
Views\CitiesView.xaml(50,102): XamlC error XFC0020: The name of the BindableProperty ApplyFormEntryNativeStyle does not end with "Property". [C:\Users\bharath.chappa\Desktop\First-Response\demo-first-response-online\leatest upgradedproject\FirstResponseMAUI\FirstResponseMAUI.csproj]
Views\IncidentDetailView.xaml(136,21): XamlC error XFC0009: No property, BindableProperty, or event found for "Android", or mismatching type between value and property. [C:\Users\bharath.chappa\Desktop\First-Response\demo-first-response-online\leatest upgradedproject\FirstResponseMAUI\FirstResponseMAUI.csproj]
Views\NewTicketPopupView.xaml(46,102): XamlC error XFC0020: The name of the BindableProperty ApplyFormEntryNativeStyle does not end with "Property". [C:\Users\bharath.chappa\Desktop\First-Response\demo-first-response-online\leatest upgradedproject\FirstResponseMAUI\FirstResponseMAUI.csproj]
Views\SuspectPopupView.xaml(38,94): XamlC error XFC0020: The name of the BindableProperty ApplyFormEntryNativeStyle does not end with "Property". [C:\Users\bharath.chappa\Desktop\First-Response\demo-first-response-online\leatest upgradedproject\FirstResponseMAUI\FirstResponseMAUI.csproj]

Build FAILED.

C:\Users\bharath.chappa\Desktop\First-Response\demo-first-response-online\leatest upgradedproject\FirstResponseMAUI\Controls\RoundedBoxView.cs(10,49): warning CS0108: 'RoundedBoxView.CornerRadiusProperty' hides inherited member 'BoxView.CornerRadiusProperty'. Use the new keyword if hiding was intended. [C:\Users\bharath.chappa\Desktop\First-Response\demo-first-response-online\leatest upgradedproject\FirstResponseMAUI\FirstResponseMAUI.csproj]
C:\Users\bharath.chappa\Desktop\First-Response\demo-first-response-online\leatest upgradedproject\FirstResponseMAUI\Controls\RoundedBoxView.cs(14,23): warning CS0108: 'RoundedBoxView.CornerRadius' hides inherited member 'BoxView.CornerRadius'. Use the new keyword if hiding was intended. [C:\Users\bharath.chappa\Desktop\First-Response\demo-first-response-online\leatest upgradedproject\FirstResponseMAUI\FirstResponseMAUI.csproj]
C:\Users\bharath.chappa\Desktop\First-Response\demo-first-response-online\leatest upgradedproject\FirstResponseMAUI\Views\Templates\IncidentListItemTemplate.xaml.cs(13,43): warning CS8622: Nullability of reference types in type of parameter 'sender' of 'void IncidentListItemTemplate.OnBindingContextChanged(object sender, EventArgs e)' doesn't match the target delegate 'EventHandler' (possibly because of nullability attributes). [C:\Users\bharath.chappa\Desktop\First-Response\demo-first-response-online\leatest upgradedproject\FirstResponseMAUI\FirstResponseMAUI.csproj]
C:\Users\bharath.chappa\Desktop\First-Response\demo-first-response-online\leatest upgradedproject\FirstResponseMAUI\Animations\Base\AnimationBase.cs(82,42): warning CS0168: The variable 'tcex' is declared but never used [C:\Users\bharath.chappa\Desktop\First-Response\demo-first-response-online\leatest upgradedproject\FirstResponseMAUI\FirstResponseMAUI.csproj]
C:\Users\bharath.chappa\Desktop\First-Response\demo-first-response-online\leatest upgradedproject\FirstResponseMAUI\ViewModels\SuspectViewModel.cs(42,16): warning CS8618: Non-nullable field '_name' must contain a non-null value when exiting constructor. Consider adding the 'required' modifier or declaring the field as nullable. [C:\Users\bharath.chappa\Desktop\First-Response\demo-first-response-online\leatest upgradedproject\FirstResponseMAUI\FirstResponseMAUI.csproj]
C:\Users\bharath.chappa\Desktop\First-Response\demo-first-response-online\leatest upgradedproject\FirstResponseMAUI\Behaviors\ItemTappedCommandListView.cs(23,40): warning CS8622: Nullability of reference types in type of parameter 'sender' of 'void ItemTappedCommandListView.ListViewOnItemTapped(object sender, ItemTappedEventArgs e)' doesn't match the target delegate 'EventHandler<ItemTappedEventArgs>' (possibly because of nullability attributes). [C:\Users\bharath.chappa\Desktop\First-Response\demo-first-response-online\leatest upgradedproject\FirstResponseMAUI\FirstResponseMAUI.csproj]
C:\Users\bharath.chappa\Desktop\First-Response\demo-first-response-online\leatest upgradedproject\FirstResponseMAUI\Behaviors\ItemTappedCommandListView.cs(24,40): warning CS8622: Nullability of reference types in type of parameter 'sender' of 'void ItemTappedCommandListView.ListViewOnItemTapped(object sender, ItemTappedEventArgs e)' doesn't match the target delegate 'EventHandler<ItemTappedEventArgs>' (possibly because of nullability attributes). [C:\Users\bharath.chappa\Desktop\First-Response\demo-first-response-online\leatest upgradedproject\FirstResponseMAUI\FirstResponseMAUI.csproj]
C:\Users\bharath.chappa\Desktop\First-Response\demo-first-response-online\leatest upgradedproject\FirstResponseMAUI\ViewModels\SuspectViewModel.cs(168,13): warning CS0618: 'MessagingCenter' is obsolete: 'We recommend migrating to `CommunityToolkit.Mvvm.Messaging.WeakReferenceMessenger`: https://www.nuget.org/packages/CommunityToolkit.Mvvm' [C:\Users\bharath.chappa\Desktop\First-Response\demo-first-response-online\leatest upgradedproject\FirstResponseMAUI\FirstResponseMAUI.csproj]
C:\Users\bharath.chappa\Desktop\First-Response\demo-first-response-online\leatest upgradedproject\FirstResponseMAUI\ViewModels\ResponderListViewModel.cs(23,16): warning CS8618: Non-nullable field '_fullResponderList' must contain a non-null value when exiting constructor. Consider adding the 'required' modifier or declaring the field as nullable. [C:\Users\bharath.chappa\Desktop\First-Response\demo-first-response-online\leatest upgradedproject\FirstResponseMAUI\FirstResponseMAUI.csproj]
C:\Users\bharath.chappa\Desktop\First-Response\demo-first-response-online\leatest upgradedproject\FirstResponseMAUI\ViewModels\ResponderListViewModel.cs(23,16): warning CS8618: Non-nullable field '_responderList' must contain a non-null value when exiting constructor. Consider adding the 'required' modifier or declaring the field as nullable. [C:\Users\bharath.chappa\Desktop\First-Response\demo-first-response-online\leatest upgradedproject\FirstResponseMAUI\FirstResponseMAUI.csproj]
C:\Users\bharath.chappa\Desktop\First-Response\demo-first-response-online\leatest upgradedproject\FirstResponseMAUI\ViewModels\ResponderListViewModel.cs(23,16): warning CS8618: Non-nullable field '_routeList' must contain a non-null value when exiting constructor. Consider adding the 'required' modifier or declaring the field as nullable. [C:\Users\bharath.chappa\Desktop\First-Response\demo-first-response-online\leatest upgradedproject\FirstResponseMAUI\FirstResponseMAUI.csproj]
C:\Users\bharath.chappa\Desktop\First-Response\demo-first-response-online\leatest upgradedproject\FirstResponseMAUI\Converters\UserRoleToBoolConverter.cs(14,17): warning CS8602: Dereference of a possibly null reference. [C:\Users\bharath.chappa\Desktop\First-Response\demo-first-response-online\leatest upgradedproject\FirstResponseMAUI\FirstResponseMAUI.csproj]
C:\Users\bharath.chappa\Desktop\First-Response\demo-first-response-online\leatest upgradedproject\FirstResponseMAUI\Converters\SuspectDescriptionConverter.cs(15,27): warning CS8602: Dereference of a possibly null reference. [C:\Users\bharath.chappa\Desktop\First-Response\demo-first-response-online\leatest upgradedproject\FirstResponseMAUI\FirstResponseMAUI.csproj]
C:\Users\bharath.chappa\Desktop\First-Response\demo-first-response-online\leatest upgradedproject\FirstResponseMAUI\ViewModels\NewTicketViewModel.cs(55,16): warning CS8618: Non-nullable field '_ticket' must contain a non-null value when exiting constructor. Consider adding the 'required' modifier or declaring the field as nullable. [C:\Users\bharath.chappa\Desktop\First-Response\demo-first-response-online\leatest upgradedproject\FirstResponseMAUI\FirstResponseMAUI.csproj]
C:\Users\bharath.chappa\Desktop\First-Response\demo-first-response-online\leatest upgradedproject\FirstResponseMAUI\ViewModels\NewTicketViewModel.cs(55,16): warning CS8618: Non-nullable field '_location' must contain a non-null value when exiting constructor. Consider adding the 'required' modifier or declaring the field as nullable. [C:\Users\bharath.chappa\Desktop\First-Response\demo-first-response-online\leatest upgradedproject\FirstResponseMAUI\FirstResponseMAUI.csproj]
C:\Users\bharath.chappa\Desktop\First-Response\demo-first-response-online\leatest upgradedproject\FirstResponseMAUI\ViewModels\NewTicketViewModel.cs(55,16): warning CS8618: Non-nullable property 'TrafficViolationTypes' must contain a non-null value when exiting constructor. Consider adding the 'required' modifier or declaring the property as nullable. [C:\Users\bharath.chappa\Desktop\First-Response\demo-first-response-online\leatest upgradedproject\FirstResponseMAUI\FirstResponseMAUI.csproj]
C:\Users\bharath.chappa\Desktop\First-Response\demo-first-response-online\leatest upgradedproject\FirstResponseMAUI\Converters\StringToUpperConverter.cs(15,59): warning CS8604: Possible null reference argument for parameter 'value' in 'string? Enum.GetName(Type enumType, object value)'. [C:\Users\bharath.chappa\Desktop\First-Response\demo-first-response-online\leatest upgradedproject\FirstResponseMAUI\FirstResponseMAUI.csproj]
C:\Users\bharath.chappa\Desktop\First-Response\demo-first-response-online\leatest upgradedproject\FirstResponseMAUI\Converters\StringToUpperConverter.cs(22,20): warning CS8602: Dereference of a possibly null reference. [C:\Users\bharath.chappa\Desktop\First-Response\demo-first-response-online\leatest upgradedproject\FirstResponseMAUI\FirstResponseMAUI.csproj]
C:\Users\bharath.chappa\Desktop\First-Response\demo-first-response-online\leatest upgradedproject\FirstResponseMAUI\Controls\WrapView.cs(137,63): warning CS8622: Nullability of reference types in type of parameter 'sender' of 'void WrapView.OnCollectionChanged(object sender, NotifyCollectionChangedEventArgs args)' doesn't match the target delegate 'NotifyCollectionChangedEventHandler' (possibly because of nullability attributes). [C:\Users\bharath.chappa\Desktop\First-Response\demo-first-response-online\leatest upgradedproject\FirstResponseMAUI\FirstResponseMAUI.csproj]
C:\Users\bharath.chappa\Desktop\First-Response\demo-first-response-online\leatest upgradedproject\FirstResponseMAUI\Controls\WrapView.cs(144,63): warning CS8622: Nullability of reference types in type of parameter 'sender' of 'void WrapView.OnCollectionChanged(object sender, NotifyCollectionChangedEventArgs args)' doesn't match the target delegate 'NotifyCollectionChangedEventHandler' (possibly because of nullability attributes). [C:\Users\bharath.chappa\Desktop\First-Response\demo-first-response-online\leatest upgradedproject\FirstResponseMAUI\FirstResponseMAUI.csproj]
C:\Users\bharath.chappa\Desktop\First-Response\demo-first-response-online\leatest upgradedproject\FirstResponseMAUI\Controls\WrapView.cs(160,30): warning CS8604: Possible null reference argument for parameter 'items' in 'void WrapView.AddItems(IEnumerable items)'. [C:\Users\bharath.chappa\Desktop\First-Response\demo-first-response-online\leatest upgradedproject\FirstResponseMAUI\FirstResponseMAUI.csproj]
C:\Users\bharath.chappa\Desktop\First-Response\demo-first-response-online\leatest upgradedproject\FirstResponseMAUI\Controls\WrapView.cs(164,33): warning CS8604: Possible null reference argument for parameter 'items' in 'void WrapView.RemoveItems(IEnumerable items)'. [C:\Users\bharath.chappa\Desktop\First-Response\demo-first-response-online\leatest upgradedproject\FirstResponseMAUI\FirstResponseMAUI.csproj]
C:\Users\bharath.chappa\Desktop\First-Response\demo-first-response-online\leatest upgradedproject\FirstResponseMAUI\ViewModels\NewTicketViewModel.cs(74,42): warning CS8600: Converting null literal or possible null value to non-nullable type. [C:\Users\bharath.chappa\Desktop\First-Response\demo-first-response-online\leatest upgradedproject\FirstResponseMAUI\FirstResponseMAUI.csproj]
C:\Users\bharath.chappa\Desktop\First-Response\demo-first-response-online\leatest upgradedproject\FirstResponseMAUI\ViewModels\NewTicketViewModel.cs(75,28): warning CS8602: Dereference of a possibly null reference. [C:\Users\bharath.chappa\Desktop\First-Response\demo-first-response-online\leatest upgradedproject\FirstResponseMAUI\FirstResponseMAUI.csproj]
C:\Users\bharath.chappa\Desktop\First-Response\demo-first-response-online\leatest upgradedproject\FirstResponseMAUI\ViewModels\NewTicketViewModel.cs(80,28): warning CS8601: Possible null reference assignment. [C:\Users\bharath.chappa\Desktop\First-Response\demo-first-response-online\leatest upgradedproject\FirstResponseMAUI\FirstResponseMAUI.csproj]
C:\Users\bharath.chappa\Desktop\First-Response\demo-first-response-online\leatest upgradedproject\FirstResponseMAUI\Converters\StringToBoolConverter.cs(13,34): warning CS8600: Converting null literal or possible null value to non-nullable type. [C:\Users\bharath.chappa\Desktop\First-Response\demo-first-response-online\leatest upgradedproject\FirstResponseMAUI\FirstResponseMAUI.csproj]
C:\Users\bharath.chappa\Desktop\First-Response\demo-first-response-online\leatest upgradedproject\FirstResponseMAUI\Converters\StringToBoolConverter.cs(19,37): warning CS8600: Converting null literal or possible null value to non-nullable type. [C:\Users\bharath.chappa\Desktop\First-Response\demo-first-response-online\leatest upgradedproject\FirstResponseMAUI\FirstResponseMAUI.csproj]
C:\Users\bharath.chappa\Desktop\First-Response\demo-first-response-online\leatest upgradedproject\FirstResponseMAUI\ViewModels\MainViewModel.cs(45,13): warning CS0618: 'MessagingCenter' is obsolete: 'We recommend migrating to `CommunityToolkit.Mvvm.Messaging.WeakReferenceMessenger`: https://www.nuget.org/packages/CommunityToolkit.Mvvm' [C:\Users\bharath.chappa\Desktop\First-Response\demo-first-response-online\leatest upgradedproject\FirstResponseMAUI\FirstResponseMAUI.csproj]
C:\Users\bharath.chappa\Desktop\First-Response\demo-first-response-online\leatest upgradedproject\FirstResponseMAUI\ViewModels\MainViewModel.cs(31,16): warning CS8618: Non-nullable field '_selectedUser' must contain a non-null value when exiting constructor. Consider adding the 'required' modifier or declaring the field as nullable. [C:\Users\bharath.chappa\Desktop\First-Response\demo-first-response-online\leatest upgradedproject\FirstResponseMAUI\FirstResponseMAUI.csproj]
C:\Users\bharath.chappa\Desktop\First-Response\demo-first-response-online\leatest upgradedproject\FirstResponseMAUI\ViewModels\MainViewModel.cs(31,16): warning CS8618: Non-nullable field '_heatData' must contain a non-null value when exiting constructor. Consider adding the 'required' modifier or declaring the field as nullable. [C:\Users\bharath.chappa\Desktop\First-Response\demo-first-response-online\leatest upgradedproject\FirstResponseMAUI\FirstResponseMAUI.csproj]
C:\Users\bharath.chappa\Desktop\First-Response\demo-first-response-online\leatest upgradedproject\FirstResponseMAUI\Controls\WrapView.cs(201,24): warning CS8603: Possible null reference return. [C:\Users\bharath.chappa\Desktop\First-Response\demo-first-response-online\leatest upgradedproject\FirstResponseMAUI\FirstResponseMAUI.csproj]
C:\Users\bharath.chappa\Desktop\First-Response\demo-first-response-online\leatest upgradedproject\FirstResponseMAUI\Controls\WrapView.cs(212,13): warning CS8602: Dereference of a possibly null reference. [C:\Users\bharath.chappa\Desktop\First-Response\demo-first-response-online\leatest upgradedproject\FirstResponseMAUI\FirstResponseMAUI.csproj]
C:\Users\bharath.chappa\Desktop\First-Response\demo-first-response-online\leatest upgradedproject\FirstResponseMAUI\Data\Base\RequestProvider.cs(18,17): warning SYSLIB0020: 'JsonSerializerOptions.IgnoreNullValues' is obsolete: 'JsonSerializerOptions.IgnoreNullValues is obsolete. To ignore null values when serializing, set DefaultIgnoreCondition to JsonIgnoreCondition.WhenWritingNull.' (https://aka.ms/dotnet-warnings/SYSLIB0020) [C:\Users\bharath.chappa\Desktop\First-Response\demo-first-response-online\leatest upgradedproject\FirstResponseMAUI\FirstResponseMAUI.csproj]
C:\Users\bharath.chappa\Desktop\First-Response\demo-first-response-online\leatest upgradedproject\FirstResponseMAUI\Data\Base\RequestProvider.cs(30,30): warning CS8600: Converting null literal or possible null value to non-nullable type. [C:\Users\bharath.chappa\Desktop\First-Response\demo-first-response-online\leatest upgradedproject\FirstResponseMAUI\FirstResponseMAUI.csproj]
C:\Users\bharath.chappa\Desktop\First-Response\demo-first-response-online\leatest upgradedproject\FirstResponseMAUI\Data\Base\RequestProvider.cs(32,20): warning CS8603: Possible null reference return. [C:\Users\bharath.chappa\Desktop\First-Response\demo-first-response-online\leatest upgradedproject\FirstResponseMAUI\FirstResponseMAUI.csproj]
C:\Users\bharath.chappa\Desktop\First-Response\demo-first-response-online\leatest upgradedproject\FirstResponseMAUI\ViewModels\MainViewModel.cs(161,58): warning CS8625: Cannot convert null literal to non-nullable reference type. [C:\Users\bharath.chappa\Desktop\First-Response\demo-first-response-online\leatest upgradedproject\FirstResponseMAUI\FirstResponseMAUI.csproj]
C:\Users\bharath.chappa\Desktop\First-Response\demo-first-response-online\leatest upgradedproject\FirstResponseMAUI\ViewModels\MainViewModel.cs(162,59): warning CS8625: Cannot convert null literal to non-nullable reference type. [C:\Users\bharath.chappa\Desktop\First-Response\demo-first-response-online\leatest upgradedproject\FirstResponseMAUI\FirstResponseMAUI.csproj]
C:\Users\bharath.chappa\Desktop\First-Response\demo-first-response-online\leatest upgradedproject\FirstResponseMAUI\ViewModels\MainViewModel.cs(166,32): warning CS8601: Possible null reference assignment. [C:\Users\bharath.chappa\Desktop\First-Response\demo-first-response-online\leatest upgradedproject\FirstResponseMAUI\FirstResponseMAUI.csproj]
C:\Users\bharath.chappa\Desktop\First-Response\demo-first-response-online\leatest upgradedproject\FirstResponseMAUI\Controls\BindablePicker.cs(30,36): warning CS8625: Cannot convert null literal to non-nullable reference type. [C:\Users\bharath.chappa\Desktop\First-Response\demo-first-response-online\leatest upgradedproject\FirstResponseMAUI\FirstResponseMAUI.csproj]
C:\Users\bharath.chappa\Desktop\First-Response\demo-first-response-online\leatest upgradedproject\FirstResponseMAUI\Controls\BindablePicker.cs(24,16): warning CS8618: Non-nullable event 'ItemSelected' must contain a non-null value when exiting constructor. Consider adding the 'required' modifier or declaring the event as nullable. [C:\Users\bharath.chappa\Desktop\First-Response\demo-first-response-online\leatest upgradedproject\FirstResponseMAUI\FirstResponseMAUI.csproj]
C:\Users\bharath.chappa\Desktop\First-Response\demo-first-response-online\leatest upgradedproject\FirstResponseMAUI\ViewModels\LoginViewModel.cs(38,16): warning CS8618: Non-nullable field '_city' must contain a non-null value when exiting constructor. Consider adding the 'required' modifier or declaring the field as nullable. [C:\Users\bharath.chappa\Desktop\First-Response\demo-first-response-online\leatest upgradedproject\FirstResponseMAUI\FirstResponseMAUI.csproj]
C:\Users\bharath.chappa\Desktop\First-Response\demo-first-response-online\leatest upgradedproject\FirstResponseMAUI\ViewModels\LoginViewModel.cs(38,16): warning CS8618: Non-nullable property 'UserName' must contain a non-null value when exiting constructor. Consider adding the 'required' modifier or declaring the property as nullable. [C:\Users\bharath.chappa\Desktop\First-Response\demo-first-response-online\leatest upgradedproject\FirstResponseMAUI\FirstResponseMAUI.csproj]
C:\Users\bharath.chappa\Desktop\First-Response\demo-first-response-online\leatest upgradedproject\FirstResponseMAUI\ViewModels\LoginViewModel.cs(38,16): warning CS8618: Non-nullable property 'Password' must contain a non-null value when exiting constructor. Consider adding the 'required' modifier or declaring the property as nullable. [C:\Users\bharath.chappa\Desktop\First-Response\demo-first-response-online\leatest upgradedproject\FirstResponseMAUI\FirstResponseMAUI.csproj]
C:\Users\bharath.chappa\Desktop\First-Response\demo-first-response-online\leatest upgradedproject\FirstResponseMAUI\Controls\BindablePicker.cs(76,38): warning CS8600: Converting null literal or possible null value to non-nullable type. [C:\Users\bharath.chappa\Desktop\First-Response\demo-first-response-online\leatest upgradedproject\FirstResponseMAUI\FirstResponseMAUI.csproj]
C:\Users\bharath.chappa\Desktop\First-Response\demo-first-response-online\leatest upgradedproject\FirstResponseMAUI\Controls\BindablePicker.cs(80,28): warning CS8602: Dereference of a possibly null reference. [C:\Users\bharath.chappa\Desktop\First-Response\demo-first-response-online\leatest upgradedproject\FirstResponseMAUI\FirstResponseMAUI.csproj]
C:\Users\bharath.chappa\Desktop\First-Response\demo-first-response-online\leatest upgradedproject\FirstResponseMAUI\ViewModels\LoginViewModel.cs(48,24): warning CS8601: Possible null reference assignment. [C:\Users\bharath.chappa\Desktop\First-Response\demo-first-response-online\leatest upgradedproject\FirstResponseMAUI\FirstResponseMAUI.csproj]
C:\Users\bharath.chappa\Desktop\First-Response\demo-first-response-online\leatest upgradedproject\FirstResponseMAUI\ViewModels\IncidentListViewModel.cs(19,16): warning CS8618: Non-nullable field '_selectedIncident' must contain a non-null value when exiting constructor. Consider adding the 'required' modifier or declaring the field as nullable. [C:\Users\bharath.chappa\Desktop\First-Response\demo-first-response-online\leatest upgradedproject\FirstResponseMAUI\FirstResponseMAUI.csproj]
C:\Users\bharath.chappa\Desktop\First-Response\demo-first-response-online\leatest upgradedproject\FirstResponseMAUI\ViewModels\IncidentListViewModel.cs(19,16): warning CS8618: Non-nullable field '_incidentList' must contain a non-null value when exiting constructor. Consider adding the 'required' modifier or declaring the field as nullable. [C:\Users\bharath.chappa\Desktop\First-Response\demo-first-response-online\leatest upgradedproject\FirstResponseMAUI\FirstResponseMAUI.csproj]
C:\Users\bharath.chappa\Desktop\First-Response\demo-first-response-online\leatest upgradedproject\FirstResponseMAUI\ViewModels\IncidentListViewModel.cs(27,13): warning CS0618: 'MessagingCenter' is obsolete: 'We recommend migrating to `CommunityToolkit.Mvvm.Messaging.WeakReferenceMessenger`: https://www.nuget.org/packages/CommunityToolkit.Mvvm' [C:\Users\bharath.chappa\Desktop\First-Response\demo-first-response-online\leatest upgradedproject\FirstResponseMAUI\FirstResponseMAUI.csproj]
C:\Users\bharath.chappa\Desktop\First-Response\demo-first-response-online\leatest upgradedproject\FirstResponseMAUI\Controls\ToggleButton.cs(41,16): warning CS8618: Non-nullable field 'ToggleCommand' must contain a non-null value when exiting constructor. Consider adding the 'required' modifier or declaring the field as nullable. [C:\Users\bharath.chappa\Desktop\First-Response\demo-first-response-online\leatest upgradedproject\FirstResponseMAUI\FirstResponseMAUI.csproj]
C:\Users\bharath.chappa\Desktop\First-Response\demo-first-response-online\leatest upgradedproject\FirstResponseMAUI\Controls\ToggleButton.cs(41,16): warning CS8618: Non-nullable field 'ToggleImage' must contain a non-null value when exiting constructor. Consider adding the 'required' modifier or declaring the field as nullable. [C:\Users\bharath.chappa\Desktop\First-Response\demo-first-response-online\leatest upgradedproject\FirstResponseMAUI\FirstResponseMAUI.csproj]
C:\Users\bharath.chappa\Desktop\First-Response\demo-first-response-online\leatest upgradedproject\FirstResponseMAUI\Controls\ToggleButton.cs(41,16): warning CS8618: Non-nullable field 'ToggleLabel' must contain a non-null value when exiting constructor. Consider adding the 'required' modifier or declaring the field as nullable. [C:\Users\bharath.chappa\Desktop\First-Response\demo-first-response-online\leatest upgradedproject\FirstResponseMAUI\FirstResponseMAUI.csproj]
C:\Users\bharath.chappa\Desktop\First-Response\demo-first-response-online\leatest upgradedproject\FirstResponseMAUI\ViewModels\IncidentListViewModel.cs(71,13): warning CS0618: 'MessagingCenter' is obsolete: 'We recommend migrating to `CommunityToolkit.Mvvm.Messaging.WeakReferenceMessenger`: https://www.nuget.org/packages/CommunityToolkit.Mvvm' [C:\Users\bharath.chappa\Desktop\First-Response\demo-first-response-online\leatest upgradedproject\FirstResponseMAUI\FirstResponseMAUI.csproj]
C:\Users\bharath.chappa\Desktop\First-Response\demo-first-response-online\leatest upgradedproject\FirstResponseMAUI\ViewModels\IncidentListViewModel.cs(76,32): warning CS8625: Cannot convert null literal to non-nullable reference type. [C:\Users\bharath.chappa\Desktop\First-Response\demo-first-response-online\leatest upgradedproject\FirstResponseMAUI\FirstResponseMAUI.csproj]
C:\Users\bharath.chappa\Desktop\First-Response\demo-first-response-online\leatest upgradedproject\FirstResponseMAUI\Controls\CustomMap.cs(17,16): warning CS8618: Non-nullable event 'IncidentSelected' must contain a non-null value when exiting constructor. Consider adding the 'required' modifier or declaring the event as nullable. [C:\Users\bharath.chappa\Desktop\First-Response\demo-first-response-online\leatest upgradedproject\FirstResponseMAUI\FirstResponseMAUI.csproj]
C:\Users\bharath.chappa\Desktop\First-Response\demo-first-response-online\leatest upgradedproject\FirstResponseMAUI\ViewModels\IncidentDetailViewModel.cs(28,26): warning CS8603: Possible null reference return. [C:\Users\bharath.chappa\Desktop\First-Response\demo-first-response-online\leatest upgradedproject\FirstResponseMAUI\FirstResponseMAUI.csproj]
C:\Users\bharath.chappa\Desktop\First-Response\demo-first-response-online\leatest upgradedproject\FirstResponseMAUI\ViewModels\IncidentDetailViewModel.cs(36,69): warning CS0618: 'MessagingCenter' is obsolete: 'We recommend migrating to `CommunityToolkit.Mvvm.Messaging.WeakReferenceMessenger`: https://www.nuget.org/packages/CommunityToolkit.Mvvm' [C:\Users\bharath.chappa\Desktop\First-Response\demo-first-response-online\leatest upgradedproject\FirstResponseMAUI\FirstResponseMAUI.csproj]
C:\Users\bharath.chappa\Desktop\First-Response\demo-first-response-online\leatest upgradedproject\FirstResponseMAUI\ViewModels\IncidentDetailViewModel.cs(46,13): warning CS0618: 'MessagingCenter' is obsolete: 'We recommend migrating to `CommunityToolkit.Mvvm.Messaging.WeakReferenceMessenger`: https://www.nuget.org/packages/CommunityToolkit.Mvvm' [C:\Users\bharath.chappa\Desktop\First-Response\demo-first-response-online\leatest upgradedproject\FirstResponseMAUI\FirstResponseMAUI.csproj]
C:\Users\bharath.chappa\Desktop\First-Response\demo-first-response-online\leatest upgradedproject\FirstResponseMAUI\ViewModels\IncidentDetailViewModel.cs(47,13): warning CS0618: 'MessagingCenter' is obsolete: 'We recommend migrating to `CommunityToolkit.Mvvm.Messaging.WeakReferenceMessenger`: https://www.nuget.org/packages/CommunityToolkit.Mvvm' [C:\Users\bharath.chappa\Desktop\First-Response\demo-first-response-online\leatest upgradedproject\FirstResponseMAUI\FirstResponseMAUI.csproj]
C:\Users\bharath.chappa\Desktop\First-Response\demo-first-response-online\leatest upgradedproject\FirstResponseMAUI\ViewModels\IncidentDetailViewModel.cs(44,16): warning CS8618: Non-nullable field '_incident' must contain a non-null value when exiting constructor. Consider adding the 'required' modifier or declaring the field as nullable. [C:\Users\bharath.chappa\Desktop\First-Response\demo-first-response-online\leatest upgradedproject\FirstResponseMAUI\FirstResponseMAUI.csproj]
C:\Users\bharath.chappa\Desktop\First-Response\demo-first-response-online\leatest upgradedproject\FirstResponseMAUI\ViewModels\IncidentDetailViewModel.cs(62,13): warning CS0618: 'MessagingCenter' is obsolete: 'We recommend migrating to `CommunityToolkit.Mvvm.Messaging.WeakReferenceMessenger`: https://www.nuget.org/packages/CommunityToolkit.Mvvm' [C:\Users\bharath.chappa\Desktop\First-Response\demo-first-response-online\leatest upgradedproject\FirstResponseMAUI\FirstResponseMAUI.csproj]
C:\Users\bharath.chappa\Desktop\First-Response\demo-first-response-online\leatest upgradedproject\FirstResponseMAUI\Data\Base\RequestProvider.cs(50,20): warning CS8603: Possible null reference return. [C:\Users\bharath.chappa\Desktop\First-Response\demo-first-response-online\leatest upgradedproject\FirstResponseMAUI\FirstResponseMAUI.csproj]
C:\Users\bharath.chappa\Desktop\First-Response\demo-first-response-online\leatest upgradedproject\FirstResponseMAUI\ViewModels\CitiesViewModel.cs(19,16): warning CS8618: Non-nullable field '_cities' must contain a non-null value when exiting constructor. Consider adding the 'required' modifier or declaring the field as nullable. [C:\Users\bharath.chappa\Desktop\First-Response\demo-first-response-online\leatest upgradedproject\FirstResponseMAUI\FirstResponseMAUI.csproj]
C:\Users\bharath.chappa\Desktop\First-Response\demo-first-response-online\leatest upgradedproject\FirstResponseMAUI\ViewModels\CitiesViewModel.cs(19,16): warning CS8618: Non-nullable field '_configViewModel' must contain a non-null value when exiting constructor. Consider adding the 'required' modifier or declaring the field as nullable. [C:\Users\bharath.chappa\Desktop\First-Response\demo-first-response-online\leatest upgradedproject\FirstResponseMAUI\FirstResponseMAUI.csproj]
C:\Users\bharath.chappa\Desktop\First-Response\demo-first-response-online\leatest upgradedproject\FirstResponseMAUI\Controls\CustomMap.cs(158,36): warning CS8602: Dereference of a possibly null reference. [C:\Users\bharath.chappa\Desktop\First-Response\demo-first-response-online\leatest upgradedproject\FirstResponseMAUI\FirstResponseMAUI.csproj]
C:\Users\bharath.chappa\Desktop\First-Response\demo-first-response-online\leatest upgradedproject\FirstResponseMAUI\ViewModels\Base\ViewModelLocator.cs(95,20): warning CS8603: Possible null reference return. [C:\Users\bharath.chappa\Desktop\First-Response\demo-first-response-online\leatest upgradedproject\FirstResponseMAUI\FirstResponseMAUI.csproj]
C:\Users\bharath.chappa\Desktop\First-Response\demo-first-response-online\leatest upgradedproject\FirstResponseMAUI\ViewModels\Base\ViewModelLocator.cs(101,20): warning CS8603: Possible null reference return. [C:\Users\bharath.chappa\Desktop\First-Response\demo-first-response-online\leatest upgradedproject\FirstResponseMAUI\FirstResponseMAUI.csproj]
C:\Users\bharath.chappa\Desktop\First-Response\demo-first-response-online\leatest upgradedproject\FirstResponseMAUI\Data\DataRepository.cs(100,24): warning CS8603: Possible null reference return. [C:\Users\bharath.chappa\Desktop\First-Response\demo-first-response-online\leatest upgradedproject\FirstResponseMAUI\FirstResponseMAUI.csproj]
C:\Users\bharath.chappa\Desktop\First-Response\demo-first-response-online\leatest upgradedproject\FirstResponseMAUI\Data\DataRepository.cs(104,24): warning CS8603: Possible null reference return. [C:\Users\bharath.chappa\Desktop\First-Response\demo-first-response-online\leatest upgradedproject\FirstResponseMAUI\FirstResponseMAUI.csproj]
C:\Users\bharath.chappa\Desktop\First-Response\demo-first-response-online\leatest upgradedproject\FirstResponseMAUI\Data\DataRepository.cs(14,45): warning CS8618: Non-nullable field '_incidentList' must contain a non-null value when exiting constructor. Consider adding the 'required' modifier or declaring the field as nullable. [C:\Users\bharath.chappa\Desktop\First-Response\demo-first-response-online\leatest upgradedproject\FirstResponseMAUI\FirstResponseMAUI.csproj]
C:\Users\bharath.chappa\Desktop\First-Response\demo-first-response-online\leatest upgradedproject\FirstResponseMAUI\Data\DataRepository.cs(15,44): warning CS8618: Non-nullable field '_userResponder' must contain a non-null value when exiting constructor. Consider adding the 'required' modifier or declaring the field as nullable. [C:\Users\bharath.chappa\Desktop\First-Response\demo-first-response-online\leatest upgradedproject\FirstResponseMAUI\FirstResponseMAUI.csproj]
C:\Users\bharath.chappa\Desktop\First-Response\demo-first-response-online\leatest upgradedproject\FirstResponseMAUI\Data\DataRepository.cs(16,42): warning CS8618: Non-nullable field '_routes' must contain a non-null value when exiting constructor. Consider adding the 'required' modifier or declaring the field as nullable. [C:\Users\bharath.chappa\Desktop\First-Response\demo-first-response-online\leatest upgradedproject\FirstResponseMAUI\FirstResponseMAUI.csproj]
C:\Users\bharath.chappa\Desktop\First-Response\demo-first-response-online\leatest upgradedproject\FirstResponseMAUI\Data\DataRepository.cs(17,46): warning CS8618: Non-nullable field '_responderList' must contain a non-null value when exiting constructor. Consider adding the 'required' modifier or declaring the field as nullable. [C:\Users\bharath.chappa\Desktop\First-Response\demo-first-response-online\leatest upgradedproject\FirstResponseMAUI\FirstResponseMAUI.csproj]
C:\Users\bharath.chappa\Desktop\First-Response\demo-first-response-online\leatest upgradedproject\FirstResponseMAUI\Data\DataRepository.cs(18,40): warning CS8618: Non-nullable field '_userRoles' must contain a non-null value when exiting constructor. Consider adding the 'required' modifier or declaring the field as nullable. [C:\Users\bharath.chappa\Desktop\First-Response\demo-first-response-online\leatest upgradedproject\FirstResponseMAUI\FirstResponseMAUI.csproj]
C:\Users\bharath.chappa\Desktop\First-Response\demo-first-response-online\leatest upgradedproject\FirstResponseMAUI\Data\DataRepository.cs(19,44): warning CS8618: Non-nullable field '_suspectList' must contain a non-null value when exiting constructor. Consider adding the 'required' modifier or declaring the field as nullable. [C:\Users\bharath.chappa\Desktop\First-Response\demo-first-response-online\leatest upgradedproject\FirstResponseMAUI\FirstResponseMAUI.csproj]
C:\Users\bharath.chappa\Desktop\First-Response\demo-first-response-online\leatest upgradedproject\FirstResponseMAUI\Data\DataRepository.cs(20,43): warning CS8618: Non-nullable field '_heatPointsList' must contain a non-null value when exiting constructor. Consider adding the 'required' modifier or declaring the field as nullable. [C:\Users\bharath.chappa\Desktop\First-Response\demo-first-response-online\leatest upgradedproject\FirstResponseMAUI\FirstResponseMAUI.csproj]
C:\Users\bharath.chappa\Desktop\First-Response\demo-first-response-online\leatest upgradedproject\FirstResponseMAUI\Extensions\MapExtensions.cs(12,59): warning CS8602: Dereference of a possibly null reference. [C:\Users\bharath.chappa\Desktop\First-Response\demo-first-response-online\leatest upgradedproject\FirstResponseMAUI\FirstResponseMAUI.csproj]
C:\Users\bharath.chappa\Desktop\First-Response\demo-first-response-online\leatest upgradedproject\FirstResponseMAUI\Triggers\BeginAnimation.cs(8,30): warning CS8618: Non-nullable property 'Animation' must contain a non-null value when exiting constructor. Consider adding the 'required' modifier or declaring the property as nullable. [C:\Users\bharath.chappa\Desktop\First-Response\demo-first-response-online\leatest upgradedproject\FirstResponseMAUI\FirstResponseMAUI.csproj]
C:\Users\bharath.chappa\Desktop\First-Response\demo-first-response-online\leatest upgradedproject\FirstResponseMAUI\Extensions\MapExtensions.cs(23,22): warning CS8602: Dereference of a possibly null reference. [C:\Users\bharath.chappa\Desktop\First-Response\demo-first-response-online\leatest upgradedproject\FirstResponseMAUI\FirstResponseMAUI.csproj]
C:\Users\bharath.chappa\Desktop\First-Response\demo-first-response-online\leatest upgradedproject\FirstResponseMAUI\Models\VehicleModel.cs(6,23): warning CS8618: Non-nullable property 'Make' must contain a non-null value when exiting constructor. Consider adding the 'required' modifier or declaring the property as nullable. [C:\Users\bharath.chappa\Desktop\First-Response\demo-first-response-online\leatest upgradedproject\FirstResponseMAUI\FirstResponseMAUI.csproj]
C:\Users\bharath.chappa\Desktop\First-Response\demo-first-response-online\leatest upgradedproject\FirstResponseMAUI\Models\VehicleModel.cs(7,23): warning CS8618: Non-nullable property 'Model' must contain a non-null value when exiting constructor. Consider adding the 'required' modifier or declaring the property as nullable. [C:\Users\bharath.chappa\Desktop\First-Response\demo-first-response-online\leatest upgradedproject\FirstResponseMAUI\FirstResponseMAUI.csproj]
C:\Users\bharath.chappa\Desktop\First-Response\demo-first-response-online\leatest upgradedproject\FirstResponseMAUI\Models\VehicleModel.cs(8,23): warning CS8618: Non-nullable property 'PlateNo' must contain a non-null value when exiting constructor. Consider adding the 'required' modifier or declaring the property as nullable. [C:\Users\bharath.chappa\Desktop\First-Response\demo-first-response-online\leatest upgradedproject\FirstResponseMAUI\FirstResponseMAUI.csproj]
C:\Users\bharath.chappa\Desktop\First-Response\demo-first-response-online\leatest upgradedproject\FirstResponseMAUI\Models\Users\AuthenticationRequest.cs(5,23): warning CS8618: Non-nullable property 'UserName' must contain a non-null value when exiting constructor. Consider adding the 'required' modifier or declaring the property as nullable. [C:\Users\bharath.chappa\Desktop\First-Response\demo-first-response-online\leatest upgradedproject\FirstResponseMAUI\FirstResponseMAUI.csproj]
C:\Users\bharath.chappa\Desktop\First-Response\demo-first-response-online\leatest upgradedproject\FirstResponseMAUI\Models\Users\AuthenticationRequest.cs(7,23): warning CS8618: Non-nullable property 'Password' must contain a non-null value when exiting constructor. Consider adding the 'required' modifier or declaring the property as nullable. [C:\Users\bharath.chappa\Desktop\First-Response\demo-first-response-online\leatest upgradedproject\FirstResponseMAUI\FirstResponseMAUI.csproj]
C:\Users\bharath.chappa\Desktop\First-Response\demo-first-response-online\leatest upgradedproject\FirstResponseMAUI\Services\Suspect\SuspectService.cs(44,69): warning CS8625: Cannot convert null literal to non-nullable reference type. [C:\Users\bharath.chappa\Desktop\First-Response\demo-first-response-online\leatest upgradedproject\FirstResponseMAUI\FirstResponseMAUI.csproj]
C:\Users\bharath.chappa\Desktop\First-Response\demo-first-response-online\leatest upgradedproject\FirstResponseMAUI\Models\UserRole.cs(5,23): warning CS8618: Non-nullable property 'Name' must contain a non-null value when exiting constructor. Consider adding the 'required' modifier or declaring the property as nullable. [C:\Users\bharath.chappa\Desktop\First-Response\demo-first-response-online\leatest upgradedproject\FirstResponseMAUI\FirstResponseMAUI.csproj]
C:\Users\bharath.chappa\Desktop\First-Response\demo-first-response-online\leatest upgradedproject\FirstResponseMAUI\Models\UserRole.cs(6,23): warning CS8618: Non-nullable property 'UserName' must contain a non-null value when exiting constructor. Consider adding the 'required' modifier or declaring the property as nullable. [C:\Users\bharath.chappa\Desktop\First-Response\demo-first-response-online\leatest upgradedproject\FirstResponseMAUI\FirstResponseMAUI.csproj]
C:\Users\bharath.chappa\Desktop\First-Response\demo-first-response-online\leatest upgradedproject\FirstResponseMAUI\Models\UserRole.cs(7,23): warning CS8618: Non-nullable property 'RoleName' must contain a non-null value when exiting constructor. Consider adding the 'required' modifier or declaring the property as nullable. [C:\Users\bharath.chappa\Desktop\First-Response\demo-first-response-online\leatest upgradedproject\FirstResponseMAUI\FirstResponseMAUI.csproj]
C:\Users\bharath.chappa\Desktop\First-Response\demo-first-response-online\leatest upgradedproject\FirstResponseMAUI\Models\UserRole.cs(8,23): warning CS8618: Non-nullable property 'UserRoleImage' must contain a non-null value when exiting constructor. Consider adding the 'required' modifier or declaring the property as nullable. [C:\Users\bharath.chappa\Desktop\First-Response\demo-first-response-online\leatest upgradedproject\FirstResponseMAUI\FirstResponseMAUI.csproj]
C:\Users\bharath.chappa\Desktop\First-Response\demo-first-response-online\leatest upgradedproject\FirstResponseMAUI\Helpers\Settings.cs(97,24): warning CS8603: Possible null reference return. [C:\Users\bharath.chappa\Desktop\First-Response\demo-first-response-online\leatest upgradedproject\FirstResponseMAUI\FirstResponseMAUI.csproj]
C:\Users\bharath.chappa\Desktop\First-Response\demo-first-response-online\leatest upgradedproject\FirstResponseMAUI\Services\Navigation\NavigationPopupService.cs(14,53): warning CS8625: Cannot convert null literal to non-nullable reference type. [C:\Users\bharath.chappa\Desktop\First-Response\demo-first-response-online\leatest upgradedproject\FirstResponseMAUI\FirstResponseMAUI.csproj]
C:\Users\bharath.chappa\Desktop\First-Response\demo-first-response-online\leatest upgradedproject\FirstResponseMAUI\Models\TicketModel.cs(8,24): warning CS8618: Non-nullable field '_violation' must contain a non-null value when exiting constructor. Consider adding the 'required' modifier or declaring the field as nullable. [C:\Users\bharath.chappa\Desktop\First-Response\demo-first-response-online\leatest upgradedproject\FirstResponseMAUI\FirstResponseMAUI.csproj]
C:\Users\bharath.chappa\Desktop\First-Response\demo-first-response-online\leatest upgradedproject\FirstResponseMAUI\Models\TicketModel.cs(11,23): warning CS8618: Non-nullable property 'Type' must contain a non-null value when exiting constructor. Consider adding the 'required' modifier or declaring the property as nullable. [C:\Users\bharath.chappa\Desktop\First-Response\demo-first-response-online\leatest upgradedproject\FirstResponseMAUI\FirstResponseMAUI.csproj]
C:\Users\bharath.chappa\Desktop\First-Response\demo-first-response-online\leatest upgradedproject\FirstResponseMAUI\Models\TicketModel.cs(12,23): warning CS8618: Non-nullable property 'Officer' must contain a non-null value when exiting constructor. Consider adding the 'required' modifier or declaring the property as nullable. [C:\Users\bharath.chappa\Desktop\First-Response\demo-first-response-online\leatest upgradedproject\FirstResponseMAUI\FirstResponseMAUI.csproj]
C:\Users\bharath.chappa\Desktop\First-Response\demo-first-response-online\leatest upgradedproject\FirstResponseMAUI\Models\TicketModel.cs(18,23): warning CS8618: Non-nullable property 'Notes' must contain a non-null value when exiting constructor. Consider adding the 'required' modifier or declaring the property as nullable. [C:\Users\bharath.chappa\Desktop\First-Response\demo-first-response-online\leatest upgradedproject\FirstResponseMAUI\FirstResponseMAUI.csproj]
C:\Users\bharath.chappa\Desktop\First-Response\demo-first-response-online\leatest upgradedproject\FirstResponseMAUI\Models\TicketModel.cs(19,28): warning CS8618: Non-nullable property 'Driver' must contain a non-null value when exiting constructor. Consider adding the 'required' modifier or declaring the property as nullable. [C:\Users\bharath.chappa\Desktop\First-Response\demo-first-response-online\leatest upgradedproject\FirstResponseMAUI\FirstResponseMAUI.csproj]
C:\Users\bharath.chappa\Desktop\First-Response\demo-first-response-online\leatest upgradedproject\FirstResponseMAUI\Models\TicketModel.cs(20,29): warning CS8618: Non-nullable property 'Vehicle' must contain a non-null value when exiting constructor. Consider adding the 'required' modifier or declaring the property as nullable. [C:\Users\bharath.chappa\Desktop\First-Response\demo-first-response-online\leatest upgradedproject\FirstResponseMAUI\FirstResponseMAUI.csproj]
C:\Users\bharath.chappa\Desktop\First-Response\demo-first-response-online\leatest upgradedproject\FirstResponseMAUI\Models\TicketModel.cs(21,32): warning CS8618: Non-nullable property 'SearchArea' must contain a non-null value when exiting constructor. Consider adding the 'required' modifier or declaring the property as nullable. [C:\Users\bharath.chappa\Desktop\First-Response\demo-first-response-online\leatest upgradedproject\FirstResponseMAUI\FirstResponseMAUI.csproj]
C:\Users\bharath.chappa\Desktop\First-Response\demo-first-response-online\leatest upgradedproject\FirstResponseMAUI\Models\SuspectModel.cs(17,41): warning CS8600: Converting null literal or possible null value to non-nullable type. [C:\Users\bharath.chappa\Desktop\First-Response\demo-first-response-online\leatest upgradedproject\FirstResponseMAUI\FirstResponseMAUI.csproj]
C:\Users\bharath.chappa\Desktop\First-Response\demo-first-response-online\leatest upgradedproject\FirstResponseMAUI\Models\SuspectModel.cs(18,38): warning CS8602: Dereference of a possibly null reference. [C:\Users\bharath.chappa\Desktop\First-Response\demo-first-response-online\leatest upgradedproject\FirstResponseMAUI\FirstResponseMAUI.csproj]
C:\Users\bharath.chappa\Desktop\First-Response\demo-first-response-online\leatest upgradedproject\FirstResponseMAUI\Services\Navigation\NavigationPopupService.cs(28,33): warning CS8600: Converting null literal or possible null value to non-nullable type. [C:\Users\bharath.chappa\Desktop\First-Response\demo-first-response-online\leatest upgradedproject\FirstResponseMAUI\FirstResponseMAUI.csproj]
C:\Users\bharath.chappa\Desktop\First-Response\demo-first-response-online\leatest upgradedproject\FirstResponseMAUI\Services\Navigation\NavigationService.cs(20,24): warning CS8603: Possible null reference return. [C:\Users\bharath.chappa\Desktop\First-Response\demo-first-response-online\leatest upgradedproject\FirstResponseMAUI\FirstResponseMAUI.csproj]
C:\Users\bharath.chappa\Desktop\First-Response\demo-first-response-online\leatest upgradedproject\FirstResponseMAUI\Services\Navigation\NavigationService.cs(39,64): warning CS8625: Cannot convert null literal to non-nullable reference type. [C:\Users\bharath.chappa\Desktop\First-Response\demo-first-response-online\leatest upgradedproject\FirstResponseMAUI\FirstResponseMAUI.csproj]
C:\Users\bharath.chappa\Desktop\First-Response\demo-first-response-online\leatest upgradedproject\FirstResponseMAUI\Services\Navigation\NavigationService.cs(49,59): warning CS8625: Cannot convert null literal to non-nullable reference type. [C:\Users\bharath.chappa\Desktop\First-Response\demo-first-response-online\leatest upgradedproject\FirstResponseMAUI\FirstResponseMAUI.csproj]
C:\Users\bharath.chappa\Desktop\First-Response\demo-first-response-online\leatest upgradedproject\FirstResponseMAUI\Helpers\EasingHelper.cs(36,20): warning CS8603: Possible null reference return. [C:\Users\bharath.chappa\Desktop\First-Response\demo-first-response-online\leatest upgradedproject\FirstResponseMAUI\FirstResponseMAUI.csproj]
C:\Users\bharath.chappa\Desktop\First-Response\demo-first-response-online\leatest upgradedproject\FirstResponseMAUI\Services\Authentication\AuthenticationService.cs(49,52): warning CS8625: Cannot convert null literal to non-nullable reference type. [C:\Users\bharath.chappa\Desktop\First-Response\demo-first-response-online\leatest upgradedproject\FirstResponseMAUI\FirstResponseMAUI.csproj]
C:\Users\bharath.chappa\Desktop\First-Response\demo-first-response-online\leatest upgradedproject\FirstResponseMAUI\Services\Cities\CitiesService.cs(58,20): warning CS8603: Possible null reference return. [C:\Users\bharath.chappa\Desktop\First-Response\demo-first-response-online\leatest upgradedproject\FirstResponseMAUI\FirstResponseMAUI.csproj]
C:\Users\bharath.chappa\Desktop\First-Response\demo-first-response-online\leatest upgradedproject\FirstResponseMAUI\Models\DriverModel.cs(6,23): warning CS8618: Non-nullable property 'Name' must contain a non-null value when exiting constructor. Consider adding the 'required' modifier or declaring the property as nullable. [C:\Users\bharath.chappa\Desktop\First-Response\demo-first-response-online\leatest upgradedproject\FirstResponseMAUI\FirstResponseMAUI.csproj]
C:\Users\bharath.chappa\Desktop\First-Response\demo-first-response-online\leatest upgradedproject\FirstResponseMAUI\Models\DriverModel.cs(7,23): warning CS8618: Non-nullable property 'LicenceNo' must contain a non-null value when exiting constructor. Consider adding the 'required' modifier or declaring the property as nullable. [C:\Users\bharath.chappa\Desktop\First-Response\demo-first-response-online\leatest upgradedproject\FirstResponseMAUI\FirstResponseMAUI.csproj]
C:\Users\bharath.chappa\Desktop\First-Response\demo-first-response-online\leatest upgradedproject\FirstResponseMAUI\Models\DriverModel.cs(8,23): warning CS8618: Non-nullable property 'HomeAddress' must contain a non-null value when exiting constructor. Consider adding the 'required' modifier or declaring the property as nullable. [C:\Users\bharath.chappa\Desktop\First-Response\demo-first-response-online\leatest upgradedproject\FirstResponseMAUI\FirstResponseMAUI.csproj]
C:\Users\bharath.chappa\Desktop\First-Response\demo-first-response-online\leatest upgradedproject\FirstResponseMAUI\Models\DriverModel.cs(9,23): warning CS8618: Non-nullable property 'Phone' must contain a non-null value when exiting constructor. Consider adding the 'required' modifier or declaring the property as nullable. [C:\Users\bharath.chappa\Desktop\First-Response\demo-first-response-online\leatest upgradedproject\FirstResponseMAUI\FirstResponseMAUI.csproj]
C:\Users\bharath.chappa\Desktop\First-Response\demo-first-response-online\leatest upgradedproject\FirstResponseMAUI\Helpers\IncidentHelper.cs(36,20): warning CS8603: Possible null reference return. [C:\Users\bharath.chappa\Desktop\First-Response\demo-first-response-online\leatest upgradedproject\FirstResponseMAUI\FirstResponseMAUI.csproj]
C:\Users\bharath.chappa\Desktop\First-Response\demo-first-response-online\leatest upgradedproject\FirstResponseMAUI\Models\EventModel.cs(10,23): warning CS8618: Non-nullable property 'CityName' must contain a non-null value when exiting constructor. Consider adding the 'required' modifier or declaring the property as nullable. [C:\Users\bharath.chappa\Desktop\First-Response\demo-first-response-online\leatest upgradedproject\FirstResponseMAUI\FirstResponseMAUI.csproj]
C:\Users\bharath.chappa\Desktop\First-Response\demo-first-response-online\leatest upgradedproject\FirstResponseMAUI\Models\EventModel.cs(16,31): warning CS8618: Non-nullable property 'AmbulancePosition' must contain a non-null value when exiting constructor. Consider adding the 'required' modifier or declaring the property as nullable. [C:\Users\bharath.chappa\Desktop\First-Response\demo-first-response-online\leatest upgradedproject\FirstResponseMAUI\FirstResponseMAUI.csproj]
C:\Users\bharath.chappa\Desktop\First-Response\demo-first-response-online\leatest upgradedproject\FirstResponseMAUI\Services\Dialog\DialogService.cs(12,20): warning CS8602: Dereference of a possibly null reference. [C:\Users\bharath.chappa\Desktop\First-Response\demo-first-response-online\leatest upgradedproject\FirstResponseMAUI\FirstResponseMAUI.csproj]
C:\Users\bharath.chappa\Desktop\First-Response\demo-first-response-online\leatest upgradedproject\FirstResponseMAUI\Services\Dialog\DialogService.cs(12,20): warning CS8602: Dereference of a possibly null reference. [C:\Users\bharath.chappa\Desktop\First-Response\demo-first-response-online\leatest upgradedproject\FirstResponseMAUI\FirstResponseMAUI.csproj]
C:\Users\bharath.chappa\Desktop\First-Response\demo-first-response-online\leatest upgradedproject\FirstResponseMAUI\Services\Dialog\DialogService.cs(16,20): warning CS8602: Dereference of a possibly null reference. [C:\Users\bharath.chappa\Desktop\First-Response\demo-first-response-online\leatest upgradedproject\FirstResponseMAUI\FirstResponseMAUI.csproj]
C:\Users\bharath.chappa\Desktop\First-Response\demo-first-response-online\leatest upgradedproject\FirstResponseMAUI\Services\Dialog\DialogService.cs(16,20): warning CS8602: Dereference of a possibly null reference. [C:\Users\bharath.chappa\Desktop\First-Response\demo-first-response-online\leatest upgradedproject\FirstResponseMAUI\FirstResponseMAUI.csproj]
C:\Users\bharath.chappa\Desktop\First-Response\demo-first-response-online\leatest upgradedproject\FirstResponseMAUI\Models\IncidentTypeData.cs(8,23): warning CS8618: Non-nullable property 'Icon' must contain a non-null value when exiting constructor. Consider adding the 'required' modifier or declaring the property as nullable. [C:\Users\bharath.chappa\Desktop\First-Response\demo-first-response-online\leatest upgradedproject\FirstResponseMAUI\FirstResponseMAUI.csproj]
C:\Users\bharath.chappa\Desktop\First-Response\demo-first-response-online\leatest upgradedproject\FirstResponseMAUI\Models\IncidentTypeData.cs(10,23): warning CS8618: Non-nullable property 'Pin' must contain a non-null value when exiting constructor. Consider adding the 'required' modifier or declaring the property as nullable. [C:\Users\bharath.chappa\Desktop\First-Response\demo-first-response-online\leatest upgradedproject\FirstResponseMAUI\FirstResponseMAUI.csproj]
C:\Users\bharath.chappa\Desktop\First-Response\demo-first-response-online\leatest upgradedproject\FirstResponseMAUI\Models\IncidentTypeData.cs(16,22): warning CS8618: Non-nullable property 'Color' must contain a non-null value when exiting constructor. Consider adding the 'required' modifier or declaring the property as nullable. [C:\Users\bharath.chappa\Desktop\First-Response\demo-first-response-online\leatest upgradedproject\FirstResponseMAUI\FirstResponseMAUI.csproj]
C:\Users\bharath.chappa\Desktop\First-Response\demo-first-response-online\leatest upgradedproject\FirstResponseMAUI\Services\Navigation\NavigationService.cs(132,27): warning CS8600: Converting null literal or possible null value to non-nullable type. [C:\Users\bharath.chappa\Desktop\First-Response\demo-first-response-online\leatest upgradedproject\FirstResponseMAUI\FirstResponseMAUI.csproj]
C:\Users\bharath.chappa\Desktop\First-Response\demo-first-response-online\leatest upgradedproject\FirstResponseMAUI\Services\Navigation\NavigationService.cs(134,24): warning CS8600: Converting null literal or possible null value to non-nullable type. [C:\Users\bharath.chappa\Desktop\First-Response\demo-first-response-online\leatest upgradedproject\FirstResponseMAUI\FirstResponseMAUI.csproj]
C:\Users\bharath.chappa\Desktop\First-Response\demo-first-response-online\leatest upgradedproject\FirstResponseMAUI\Services\Navigation\NavigationService.cs(136,39): warning CS8600: Converting null literal or possible null value to non-nullable type. [C:\Users\bharath.chappa\Desktop\First-Response\demo-first-response-online\leatest upgradedproject\FirstResponseMAUI\FirstResponseMAUI.csproj]
C:\Users\bharath.chappa\Desktop\First-Response\demo-first-response-online\leatest upgradedproject\FirstResponseMAUI\Services\Navigation\NavigationService.cs(142,20): warning CS8603: Possible null reference return. [C:\Users\bharath.chappa\Desktop\First-Response\demo-first-response-online\leatest upgradedproject\FirstResponseMAUI\FirstResponseMAUI.csproj]
C:\Users\bharath.chappa\Desktop\First-Response\demo-first-response-online\leatest upgradedproject\FirstResponseMAUI\Models\ResponderRequestModel.cs(32,16): warning CS8618: Non-nullable field '_responseId' must contain a non-null value when exiting constructor. Consider adding the 'required' modifier or declaring the field as nullable. [C:\Users\bharath.chappa\Desktop\First-Response\demo-first-response-online\leatest upgradedproject\FirstResponseMAUI\FirstResponseMAUI.csproj]
C:\Users\bharath.chappa\Desktop\First-Response\demo-first-response-online\leatest upgradedproject\FirstResponseMAUI\Models\ResponderRequestModel.cs(32,16): warning CS8618: Non-nullable field '_responseColor' must contain a non-null value when exiting constructor. Consider adding the 'required' modifier or declaring the field as nullable. [C:\Users\bharath.chappa\Desktop\First-Response\demo-first-response-online\leatest upgradedproject\FirstResponseMAUI\FirstResponseMAUI.csproj]
C:\Users\bharath.chappa\Desktop\First-Response\demo-first-response-online\leatest upgradedproject\FirstResponseMAUI\Services\Incidents\IncidentsService.cs(80,59): warning CS8625: Cannot convert null literal to non-nullable reference type. [C:\Users\bharath.chappa\Desktop\First-Response\demo-first-response-online\leatest upgradedproject\FirstResponseMAUI\FirstResponseMAUI.csproj]
C:\Users\bharath.chappa\Desktop\First-Response\demo-first-response-online\leatest upgradedproject\FirstResponseMAUI\Models\ResponderRequestModel.cs(34,16): warning CS8618: Non-nullable field '_responseId' must contain a non-null value when exiting constructor. Consider adding the 'required' modifier or declaring the field as nullable. [C:\Users\bharath.chappa\Desktop\First-Response\demo-first-response-online\leatest upgradedproject\FirstResponseMAUI\FirstResponseMAUI.csproj]
C:\Users\bharath.chappa\Desktop\First-Response\demo-first-response-online\leatest upgradedproject\FirstResponseMAUI\Models\ResponderRequestModel.cs(34,16): warning CS8618: Non-nullable field '_responseColor' must contain a non-null value when exiting constructor. Consider adding the 'required' modifier or declaring the field as nullable. [C:\Users\bharath.chappa\Desktop\First-Response\demo-first-response-online\leatest upgradedproject\FirstResponseMAUI\FirstResponseMAUI.csproj]
C:\Users\bharath.chappa\Desktop\First-Response\demo-first-response-online\leatest upgradedproject\FirstResponseMAUI\Services\Incidents\IncidentsService.cs(84,36): warning CS8618: Non-nullable field 'SearchArea' must contain a non-null value when exiting constructor. Consider adding the 'required' modifier or declaring the field as nullable. [C:\Users\bharath.chappa\Desktop\First-Response\demo-first-response-online\leatest upgradedproject\FirstResponseMAUI\FirstResponseMAUI.csproj]
C:\Users\bharath.chappa\Desktop\First-Response\demo-first-response-online\leatest upgradedproject\FirstResponseMAUI\Services\Incidents\IncidentsService.cs(86,34): warning CS8618: Non-nullable field 'Tickets' must contain a non-null value when exiting constructor. Consider adding the 'required' modifier or declaring the field as nullable. [C:\Users\bharath.chappa\Desktop\First-Response\demo-first-response-online\leatest upgradedproject\FirstResponseMAUI\FirstResponseMAUI.csproj]
C:\Users\bharath.chappa\Desktop\First-Response\demo-first-response-online\leatest upgradedproject\FirstResponseMAUI\Models\SearchAreaModel.cs(5,30): warning CS8618: Non-nullable property 'Polygon' must contain a non-null value when exiting constructor. Consider adding the 'required' modifier or declaring the property as nullable. [C:\Users\bharath.chappa\Desktop\First-Response\demo-first-response-online\leatest upgradedproject\FirstResponseMAUI\FirstResponseMAUI.csproj]
C:\Users\bharath.chappa\Desktop\First-Response\demo-first-response-online\leatest upgradedproject\FirstResponseMAUI\Models\SearchAreaModel.cs(7,30): warning CS8618: Non-nullable property 'Tickets' must contain a non-null value when exiting constructor. Consider adding the 'required' modifier or declaring the property as nullable. [C:\Users\bharath.chappa\Desktop\First-Response\demo-first-response-online\leatest upgradedproject\FirstResponseMAUI\FirstResponseMAUI.csproj]
C:\Users\bharath.chappa\Desktop\First-Response\demo-first-response-online\leatest upgradedproject\FirstResponseMAUI\Models\RouteModel.cs(8,35): warning CS8618: Non-nullable property 'RoutePoints' must contain a non-null value when exiting constructor. Consider adding the 'required' modifier or declaring the property as nullable. [C:\Users\bharath.chappa\Desktop\First-Response\demo-first-response-online\leatest upgradedproject\FirstResponseMAUI\FirstResponseMAUI.csproj]
C:\Users\bharath.chappa\Desktop\First-Response\demo-first-response-online\leatest upgradedproject\FirstResponseMAUI\Models\SuspectModel.cs(7,23): warning CS8618: Non-nullable property 'Name' must contain a non-null value when exiting constructor. Consider adding the 'required' modifier or declaring the property as nullable. [C:\Users\bharath.chappa\Desktop\First-Response\demo-first-response-online\leatest upgradedproject\FirstResponseMAUI\FirstResponseMAUI.csproj]
C:\Users\bharath.chappa\Desktop\First-Response\demo-first-response-online\leatest upgradedproject\FirstResponseMAUI\Models\SuspectModel.cs(8,23): warning CS8618: Non-nullable property 'HairColor' must contain a non-null value when exiting constructor. Consider adding the 'required' modifier or declaring the property as nullable. [C:\Users\bharath.chappa\Desktop\First-Response\demo-first-response-online\leatest upgradedproject\FirstResponseMAUI\FirstResponseMAUI.csproj]
C:\Users\bharath.chappa\Desktop\First-Response\demo-first-response-online\leatest upgradedproject\FirstResponseMAUI\Models\SuspectModel.cs(9,23): warning CS8618: Non-nullable property 'EyeColor' must contain a non-null value when exiting constructor. Consider adding the 'required' modifier or declaring the property as nullable. [C:\Users\bharath.chappa\Desktop\First-Response\demo-first-response-online\leatest upgradedproject\FirstResponseMAUI\FirstResponseMAUI.csproj]
C:\Users\bharath.chappa\Desktop\First-Response\demo-first-response-online\leatest upgradedproject\FirstResponseMAUI\Models\SuspectModel.cs(10,23): warning CS8618: Non-nullable property 'SkinColor' must contain a non-null value when exiting constructor. Consider adding the 'required' modifier or declaring the property as nullable. [C:\Users\bharath.chappa\Desktop\First-Response\demo-first-response-online\leatest upgradedproject\FirstResponseMAUI\FirstResponseMAUI.csproj]
C:\Users\bharath.chappa\Desktop\First-Response\demo-first-response-online\leatest upgradedproject\FirstResponseMAUI\Models\SuspectModel.cs(11,23): warning CS8618: Non-nullable property 'Sex' must contain a non-null value when exiting constructor. Consider adding the 'required' modifier or declaring the property as nullable. [C:\Users\bharath.chappa\Desktop\First-Response\demo-first-response-online\leatest upgradedproject\FirstResponseMAUI\FirstResponseMAUI.csproj]
C:\Users\bharath.chappa\Desktop\First-Response\demo-first-response-online\leatest upgradedproject\FirstResponseMAUI\Models\SuspectModel.cs(12,23): warning CS8618: Non-nullable property 'SuspectSearchImage' must contain a non-null value when exiting constructor. Consider adding the 'required' modifier or declaring the property as nullable. [C:\Users\bharath.chappa\Desktop\First-Response\demo-first-response-online\leatest upgradedproject\FirstResponseMAUI\FirstResponseMAUI.csproj]
C:\Users\bharath.chappa\Desktop\First-Response\demo-first-response-online\leatest upgradedproject\FirstResponseMAUI\Models\ResponderModel.cs(29,30): warning CS8618: Non-nullable property 'Incident' must contain a non-null value when exiting constructor. Consider adding the 'required' modifier or declaring the property as nullable. [C:\Users\bharath.chappa\Desktop\First-Response\demo-first-response-online\leatest upgradedproject\FirstResponseMAUI\FirstResponseMAUI.csproj]
C:\Users\bharath.chappa\Desktop\First-Response\demo-first-response-online\leatest upgradedproject\FirstResponseMAUI\Models\ResponderModel.cs(30,38): warning CS8618: Non-nullable property 'Request' must contain a non-null value when exiting constructor. Consider adding the 'required' modifier or declaring the property as nullable. [C:\Users\bharath.chappa\Desktop\First-Response\demo-first-response-online\leatest upgradedproject\FirstResponseMAUI\FirstResponseMAUI.csproj]
C:\Users\bharath.chappa\Desktop\First-Response\demo-first-response-online\leatest upgradedproject\FirstResponseMAUI\Models\IncidentModel.cs(16,24): warning CS8618: Non-nullable field '_description' must contain a non-null value when exiting constructor. Consider adding the 'required' modifier or declaring the field as nullable. [C:\Users\bharath.chappa\Desktop\First-Response\demo-first-response-online\leatest upgradedproject\FirstResponseMAUI\FirstResponseMAUI.csproj]
C:\Users\bharath.chappa\Desktop\First-Response\demo-first-response-online\leatest upgradedproject\FirstResponseMAUI\Models\IncidentModel.cs(20,23): warning CS8618: Non-nullable property 'CallNumber' must contain a non-null value when exiting constructor. Consider adding the 'required' modifier or declaring the property as nullable. [C:\Users\bharath.chappa\Desktop\First-Response\demo-first-response-online\leatest upgradedproject\FirstResponseMAUI\FirstResponseMAUI.csproj]
C:\Users\bharath.chappa\Desktop\First-Response\demo-first-response-online\leatest upgradedproject\FirstResponseMAUI\Models\IncidentModel.cs(21,23): warning CS8618: Non-nullable property 'Phone' must contain a non-null value when exiting constructor. Consider adding the 'required' modifier or declaring the property as nullable. [C:\Users\bharath.chappa\Desktop\First-Response\demo-first-response-online\leatest upgradedproject\FirstResponseMAUI\FirstResponseMAUI.csproj]
C:\Users\bharath.chappa\Desktop\First-Response\demo-first-response-online\leatest upgradedproject\FirstResponseMAUI\Models\IncidentModel.cs(22,23): warning CS8618: Non-nullable property 'UnmaskedPhone' must contain a non-null value when exiting constructor. Consider adding the 'required' modifier or declaring the property as nullable. [C:\Users\bharath.chappa\Desktop\First-Response\demo-first-response-online\leatest upgradedproject\FirstResponseMAUI\FirstResponseMAUI.csproj]
C:\Users\bharath.chappa\Desktop\First-Response\demo-first-response-online\leatest upgradedproject\FirstResponseMAUI\Models\IncidentModel.cs(23,23): warning CS8618: Non-nullable property 'Title' must contain a non-null value when exiting constructor. Consider adding the 'required' modifier or declaring the property as nullable. [C:\Users\bharath.chappa\Desktop\First-Response\demo-first-response-online\leatest upgradedproject\FirstResponseMAUI\FirstResponseMAUI.csproj]
C:\Users\bharath.chappa\Desktop\First-Response\demo-first-response-online\leatest upgradedproject\FirstResponseMAUI\Models\IncidentModel.cs(25,23): warning CS8618: Non-nullable property 'PropertyName' must contain a non-null value when exiting constructor. Consider adding the 'required' modifier or declaring the property as nullable. [C:\Users\bharath.chappa\Desktop\First-Response\demo-first-response-online\leatest upgradedproject\FirstResponseMAUI\FirstResponseMAUI.csproj]
C:\Users\bharath.chappa\Desktop\First-Response\demo-first-response-online\leatest upgradedproject\FirstResponseMAUI\Models\IncidentModel.cs(26,23): warning CS8618: Non-nullable property 'Address' must contain a non-null value when exiting constructor. Consider adding the 'required' modifier or declaring the property as nullable. [C:\Users\bharath.chappa\Desktop\First-Response\demo-first-response-online\leatest upgradedproject\FirstResponseMAUI\FirstResponseMAUI.csproj]
C:\Users\bharath.chappa\Desktop\First-Response\demo-first-response-online\leatest upgradedproject\FirstResponseMAUI\Models\IncidentModel.cs(27,23): warning CS8618: Non-nullable property 'ReportingParty' must contain a non-null value when exiting constructor. Consider adding the 'required' modifier or declaring the property as nullable. [C:\Users\bharath.chappa\Desktop\First-Response\demo-first-response-online\leatest upgradedproject\FirstResponseMAUI\FirstResponseMAUI.csproj]
C:\Users\bharath.chappa\Desktop\First-Response\demo-first-response-online\leatest upgradedproject\FirstResponseMAUI\Models\IncidentModel.cs(28,23): warning CS8618: Non-nullable property 'UnmaskedReportingParty' must contain a non-null value when exiting constructor. Consider adding the 'required' modifier or declaring the property as nullable. [C:\Users\bharath.chappa\Desktop\First-Response\demo-first-response-online\leatest upgradedproject\FirstResponseMAUI\FirstResponseMAUI.csproj]
C:\Users\bharath.chappa\Desktop\First-Response\demo-first-response-online\leatest upgradedproject\FirstResponseMAUI\Models\IncidentModel.cs(40,23): warning CS8618: Non-nullable property 'UpdateDescription' must contain a non-null value when exiting constructor. Consider adding the 'required' modifier or declaring the property as nullable. [C:\Users\bharath.chappa\Desktop\First-Response\demo-first-response-online\leatest upgradedproject\FirstResponseMAUI\FirstResponseMAUI.csproj]
C:\Users\bharath.chappa\Desktop\First-Response\demo-first-response-online\leatest upgradedproject\FirstResponseMAUI\Models\IncidentModel.cs(54,22): warning CS8618: Non-nullable property 'IncidentColor' must contain a non-null value when exiting constructor. Consider adding the 'required' modifier or declaring the property as nullable. [C:\Users\bharath.chappa\Desktop\First-Response\demo-first-response-online\leatest upgradedproject\FirstResponseMAUI\FirstResponseMAUI.csproj]
C:\Users\bharath.chappa\Desktop\First-Response\demo-first-response-online\leatest upgradedproject\FirstResponseMAUI\Models\IncidentModel.cs(57,32): warning CS8618: Non-nullable property 'SearchArea' must contain a non-null value when exiting constructor. Consider adding the 'required' modifier or declaring the property as nullable. [C:\Users\bharath.chappa\Desktop\First-Response\demo-first-response-online\leatest upgradedproject\FirstResponseMAUI\FirstResponseMAUI.csproj]
C:\Users\bharath.chappa\Desktop\First-Response\demo-first-response-online\leatest upgradedproject\FirstResponseMAUI\Models\IncidentModel.cs(92,23): warning CS8618: Non-nullable property 'IncidentIcon' must contain a non-null value when exiting constructor. Consider adding the 'required' modifier or declaring the property as nullable. [C:\Users\bharath.chappa\Desktop\First-Response\demo-first-response-online\leatest upgradedproject\FirstResponseMAUI\FirstResponseMAUI.csproj]
C:\Users\bharath.chappa\Desktop\First-Response\demo-first-response-online\leatest upgradedproject\FirstResponseMAUI\Services\Incidents\IncidentsService.cs(84,36): warning CS0649: Field 'IncidentsService.JsonSearchArea.SearchArea' is never assigned to, and will always have its default value null [C:\Users\bharath.chappa\Desktop\First-Response\demo-first-response-online\leatest upgradedproject\FirstResponseMAUI\FirstResponseMAUI.csproj]
C:\Users\bharath.chappa\Desktop\First-Response\demo-first-response-online\leatest upgradedproject\FirstResponseMAUI\Services\Incidents\IncidentsService.cs(86,34): warning CS0649: Field 'IncidentsService.JsonSearchArea.Tickets' is never assigned to, and will always have its default value null [C:\Users\bharath.chappa\Desktop\First-Response\demo-first-response-online\leatest upgradedproject\FirstResponseMAUI\FirstResponseMAUI.csproj]
Views\CitiesView.xaml(50,102): XamlC error XFC0020: The name of the BindableProperty ApplyFormEntryNativeStyle does not end with "Property". [C:\Users\bharath.chappa\Desktop\First-Response\demo-first-response-online\leatest upgradedproject\FirstResponseMAUI\FirstResponseMAUI.csproj]
Views\IncidentDetailView.xaml(136,21): XamlC error XFC0009: No property, BindableProperty, or event found for "Android", or mismatching type between value and property. [C:\Users\bharath.chappa\Desktop\First-Response\demo-first-response-online\leatest upgradedproject\FirstResponseMAUI\FirstResponseMAUI.csproj]
Views\NewTicketPopupView.xaml(46,102): XamlC error XFC0020: The name of the BindableProperty ApplyFormEntryNativeStyle does not end with "Property". [C:\Users\bharath.chappa\Desktop\First-Response\demo-first-response-online\leatest upgradedproject\FirstResponseMAUI\FirstResponseMAUI.csproj]
Views\SuspectPopupView.xaml(38,94): XamlC error XFC0020: The name of the BindableProperty ApplyFormEntryNativeStyle does not end with "Property". [C:\Users\bharath.chappa\Desktop\First-Response\demo-first-response-online\leatest upgradedproject\FirstResponseMAUI\FirstResponseMAUI.csproj]
    158 Warning(s)
    4 Error(s)

Time Elapsed 00:00:09.03
